[index.html]
[pagead/js/f.txt]
[backblue.gif]
[fade.gif]
[index.html]
[favicon.ico]
[assets/dropdown/css/style.css]
[assets/animate.css/animate.min.css]
[assets/theme/css/style.css]
[assets/cursor.css]
[assets/bootstrap/css/bootstrap.min1bce.css]
[assets/hover/css/hover_miku5e1f.css]
[ZVjaHb5.png]
[assets/stylesheet/cursor5e1f.css]
[assets/stylesheet/mbr-additional1bce.css]
[assets/stylesheet/merged8e0e.css]
[assets/stylesheet/dropdown14cc8.css]
[gTyJvyu.png]
[index-3.html]
[benchmarks/index.html]
[raids/elementalist/index.html]
[raids/mesmer/index.html]
[assets/images/lucky-noobs_2.png]
[assets/images/YouTube-icon.png]
[raids/necromancer/index.html]
[UMeY7XC.png]
[assets/homebg.jpg]
[assets/homebg2.jpg]
[raids/ranger/index.html]
[raids/engineer/index.html]
[raids/thief/index.html]
[assets/homebg3.jpg]
[raids/warrior/index.html]
[assets/images/index/builds.png]
[assets/images/index/Potions.png]
[assets/images/index/New.png]
[assets/images/index/Social2.png]
[raids/guardian/index.html]
[3ElSbeL.png]
[raids/revenant/index.html]
[B1AitJR.png]
[Vs0eBsz.png]
[assets/stylesheet/dropdown1.js]
[fractals/elementalist/index.html]
[assets/web/assets/jquery/jquery.min.js]
[slaying/index.html]
[assets/tether/tether.min.js]
[assets/bootstrap/js/bootstrap.min.js]
[newtoraids/index.html]
[assets/smooth-scroll/SmoothScroll.js]
[assets/viewportChecker/jquery.viewportchecker.js]
[assets/dropdown/js/script.min.js]
[assets/touchSwipe/jquery.touchSwipe.min.js]
[assets/jarallax/jarallax.js]
[social/index.html]
[assets/theme/js/script.js]
[index.html]
[assets/dropdown/css/style.css]
[assets/animate.css/animate.min.css]
[assets/theme/css/style.css]
[recruitment/index.html]
[builds/index.html]
[forum/index.html]
[3NlVJUK.png]
[ErcBprb.png]
[assets/cursor.css]
[assets/bootstrap/css/bootstrap.min1bce.css]
[assets/hover/css/hover_miku5e1f.css]
[assets/stylesheet/cursor5e1f.css]
[assets/stylesheet/mbr-additional1bce.css]
[assets/stylesheet/merged8e0e.css]
[assets/stylesheet/dropdown14cc8.css]
[benchmarks/css/jquery-1.11.0.js]
[armory-embeds@0.4.0/armory-embeds.js]
[benchmarks/css/style07b2.css]
[benchmarks/css/hube062.css]
[benchmarks/css/hover_mikub6f5.css]
[benchmarks/assets/dropdown/css/style.css]
[benchmarks/assets/animate.css/animate.min.css]
[benchmarks/assets/theme/css/style.css]
[assets/bootstrap/css/bootstrap_miku5e1f.css]
[assets/stylesheet/bootstrap_mikuc164.css]
[assets/stylesheet/mbr-additional30f4.css]
[assets/stylesheet/mergedc164.css]
[assets/stylesheet/dropdown17f30.css]
[benchmarks/index.html]
[assets/images/hub/benchmarks/Golem.png]
[assets/images/hub/benchmarks/vg.png]
[assets/images/hub/benchmarks/GORS.png]
[assets/images/hub/benchmarks/sab.png]
[assets/images/hub/benchmarks/sloth.png]
[assets/images/hub/benchmarks/matt.png]
[assets/images/hub/benchmarks/kc.png]
[assets/images/hub/benchmarks/xera.png]
[assets/images/hub/benchmarks/crain.png]
[assets/images/hub/benchmarks/mursaat.png]
[assets/images/hub/benchmarks/samarog.png]
[assets/images/hub/benchmarks/deimos.png]
[assets/images/hub/benchmarks/soullesshorror.png]
[assets/images/hub/benchmarks/dhuum.png]
[assets/images/hub/specs/Dark Chronomancer.png]
[assets/images/hub/specs/Dark Berserker.png]
[assets/images/hub/specs/Dark Druid.png]
[assets/images/hub/specs/Dark Holosmith.png]
[assets/images/hub/specs/Dark Weaver.png]
[assets/images/hub/specs/Dark Renegade.png]
[assets/images/hub/specs/Soulbeast.png]
[assets/images/hub/specs/Renegade.png]
[assets/images/hub/specs/Holosmith.png]
[assets/images/hub/specs/Berserker.png]
[assets/images/hub/specs/Druid.png]
[assets/images/hub/specs/Weaver.png]
[assets/effects/Vulnerability.png]
[assets/images/hub/specs/Chronomancer.png]
[assets/images/hub/specs/Dark Scourge.png]
[assets/images/hub/specs/Dark Soulbeast.png]
[assets/images/hub/specs/Scourge.png]
[assets/images/hub/specs/Dark Dragonhunter.png]
[assets/images/hub/specs/Dragonhunter.png]
[assets/effects/Stability.png]
[assets/images/hub/specs/Dark Mirage.png]
[assets/images/hub/specs/Mirage.png]
[assets/images/hub/specs/Daredevil.png]
[assets/effects/Alacrity.png]
[assets/effects/Fury.png]
[assets/images/hub/specs/Tempest.png]
[assets/images/hub/specs/Dark Daredevil2.png]
[assets/images/hub/specs/Dark Herald2.png]
[K5aUc40.png]
[assets/effects/Quickness.png]
[assets/effects/Might.png]
[images/4/4c/Alacrity.png]
[assets/effects/Swiftness.png]
[assets/effects/Regeneration.png]
[assets/effects/Vigor.png]
[assets/effects/Retaliation.png]
[assets/effects/Burning.png]
[assets/effects/Crippled.png]
[assets/effects/Weakness.png]
[assets/effects/Immobilize.png]
[assets/effects/Chilled.png]
[assets/effects/Blind.png]
[assets/effects/Poison.png]
[assets/effects/Bleeding.png]
[assets/effects/Confusion.png]
[benchmarks/index.html]
[index-3.html]
[raids/elementalist/css/jquery-1.11.0.js]
[assets/stylesheet/buildpage_style_darka6ba.css]
[raids/elementalist/css/elementalist8e5e.css]
[raids/elementalist/index.html]
[assets/effects/Aegis.png]
[assets/images/hub/specs/Elementalist.png]
[assets/effects/Super_Speed.png]
[assets/effects/Protection.png]
[raids/elementalist/css/script.js]
[raids/elementalist/index.html]
[builds/assets/small_icon/class_mesmer.png]
[raids/mesmer/css/jquery-1.11.0.js]
[raids/mesmer/css/mesmerfb74.css]
[raids/mesmer/index.html]
[raids/mesmer/css/stoperpingmela.jpg]
[raids/mesmer/css/highdps.png]
[raids/mesmer/css/lowdps.png]
[raids/mesmer/css/script.js]
[raids/mesmer/index.html]
[builds/assets/small_icon/class_necromancer.png]
[raids/necromancer/css/jquery-1.11.0.js]
[raids/necromancer/css/necromancer8e5e.css]
[raids/necromancer/index.html]
[raids/necromancer/css/script.js]
[raids/necromancer/index.html]
[builds/assets/small_icon/class_ranger.png]
[raids/ranger/css/jquery-1.11.0.js]
[assets/stylesheet/buildpage_style_darkf309.css]
[raids/ranger/css/ranger3f56.css]
[raids/ranger/index.html]
[raids/ranger/css/compdark1.png]
[assets/pets/Juvenile_Jungle_Stalker.png]
[images/e/ec/Juvenile_Jacaranda.png]
[assets/pets/Juvenile_Black_Moa.png]
[images/1/18/Juvenile_Rock_Gazelle.png]
[raids/ranger/css/vgspot1.png]
[images/f/f6/Juvenile_Tiger.png]
[images/1/13/Juvenile_Electric_Wyvern.png]
[images/a/a1/Juvenile_Jungle_Stalker.png]
[images/e/e8/Juvenile_Black_Moa.png]
[bencmarks]
[images/3/3a/Juvenile_Red_Moa.png]
[images/1/14/Juvenile_Brown_Bear.png]
[assets/effects/Torment.png]
[raids/ranger/css/script.js]
[raids/ranger/index.html]
[builds/assets/small_icon/class_engineer.png]
[raids/engineer/css/jquery-1.11.0.js]
[raids/engineer/css/engineerc164.css]
[raids/engineer/index.html]
[assets/photon/Photon_Blitz.png]
[assets/photon/Corona_Burst.png]
[images/b/b3/Holographic_Shockwave.png]
[images/6/68/Frost_Aura.png]
[assets/images/hub/specs/Dark Engineer.png]
[media/8-29-2017/vZuLKE.gif]
[images/3/3b/Holo_Leap.png]
[assets/effects/Sapper_Bomb.png]
[media/8-29-2017/aC_7aK.gif]
[assets/effects/Slow.png]
[assets/effects/Immobile.png]
[assets/effects/Unnatural_Signet.png]
[raids/engineer/css/script.js]
[raids/engineer/index.html]
[builds/assets/small_icon/class_thief.png]
[raids/thief/css/jquery-1.11.0.js]
[raids/thief/css/thiefc164.css]
[raids/thief/index.html]
[assets/effects/Revealed.png]
[assets/effects/Downpour.png]
[assets/effects/Unbalanced.png]
[assets/effects/Fixated.png]
[raids/thief/css/script.js]
[raids/thief/index.html]
[builds/assets/small_icon/class_warrior.png]
[raids/warrior/css/jquery-1.11.0.js]
[raids/warrior/css/warriore5bf.css]
[raids/warrior/index.html]
[gif/sc-daily-mathias-703-left-MDqc31]
[media/9-03-2017/MDqc31.gif]
[raids/warrior/css/script.js]
[raids/warrior/index.html]
[builds/assets/small_icon/class_guardian.png]
[raids/guardian/css/jquery-1.11.0.js]
[raids/guardian/css/guardianb6f5.css]
[raids/guardian/index.html]
[assets/effects/Fear.png]
[media/8-29-2017/BHewkU.gif]
[raids/guardian/css/script.js]
[raids/guardian/index.html]
[builds/assets/small_icon/class_revenant.png]
[raids/revenant/css/jquery-1.11.0.js]
[raids/revenant/css/revenant8e0e.css]
[raids/revenant/index.html]
[assets/effects/Resistance.png]
[assets/images/hub/specs/Dark Herald.png]
[raids/revenant/css/script.js]
[raids/revenant/index.html]
[builds/assets/small_icon/class_elementalist.png]
[fractals/elementalist/css/jquery-1.11.0.js]
[assets/stylesheet/buildpage_style_darke5bf.css]
[fractals/elementalist/css/elementalist8e5e.css]
[fractals/elementalist/index.html]
[assets/images/hub/specs/Spellbreaker.png]
[assets/effects/Stealth.png]
[assets/images/hub/specs/Warrior.png]
[fractals/elementalist/css/script.js]
[fractals/elementalist/index.html]
[slaying/css/jquery-1.11.0.js]
[slaying/css/tabsd96c.css]
[slaying/css/bootstrap_miku7b30.css]
[slaying/css/table5e1f.css]
[slaying/index.html]
[slaying/fotm.png]
[slaying/Dungeons.png]
[slaying/css/script.js]
[slaying/index.html]
[newtoraids/favicon.ico]
[newtoraids/css/jquery-1.11.0.js]
[assets/stylesheet/mergedb6f5.css]
[assets/stylesheet/dropdown12aec.css]
[newtoraids/css/newtoraidsa6ba.css]
[assets/logo.png]
[assets/gw2aca.jpg]
[newtoraids/index.html]
[social/favicon.ico]
[assets/twitch.css]
[assets/et-line-font-plugin/style.css]
[assets/bootstrap-material-design-font/css/material.css]
[assets/tether/tether.min.css]
[assets/stylesheet/bootstrap_mikufb74.css]
[assets/socicon/css/socicon.min.css]
[assets/dropdown/css/style30f4.css]
[/stylesheet/mbr-additionalae24.css]
[social/hovereffect.css]
[social/assets/hover/css/hover_miku.css]
[social/bannersbcfe.css]
[-dgW9m8SfHrM/AAAAAAAAAAI/AAAAAAAAAAA/2NHpLt7U3Qc/s205-c-k-no-mo-rj-c0xffffff/photo.jpg]
[-ZfFMWNYLIko/AAAAAAAAAAI/AAAAAAAAAAA/hm2iZlANvcg/s205-c-k-no-mo-rj-c0xffffff/photo.jpg]
[-MTbZGL2MZZc/AAAAAAAAAAI/AAAAAAAAAAA/FqsXl9UOaEE/s205-c-k-no-mo-rj-c0xffffff/photo.jpg]
[-FR8Jie_YNwo/AAAAAAAAAAI/AAAAAAAAAAA/EyBXXlzkVGQ/s205-c-k-no-mo-rj-c0xffffff/photo.jpg]
[-M5ftX9nYdvY/AAAAAAAAAAI/AAAAAAAAAAA/LFbx9doIIno/s205-c-k-no-mo-rj-c0xffffff/photo.jpg]
[-NceDtmAW1dA/AAAAAAAAAAI/AAAAAAAAAAA/_Jqtv3TfuXU/s205-c-k-no-mo-rj-c0xffffff/photo.jpg]
[-V5fcS2NcMug/AAAAAAAAAAI/AAAAAAAAAAA/G8H9jAymcRk/s205-c-k-no-mo-rj-c0xffffff/photo.jpg]
[-sxZ5h3tHYdE/AAAAAAAAAAI/AAAAAAAAAAA/ROxmuZsWVCA/s205-c-k-no-mo-rj-c0xffffff/photo.jpg]
[-HOruxfXXH4c/AAAAAAAAAAI/AAAAAAAAAAA/ZkbFjwydjBc/s205-c-k-no-mo-rj-c0xffffff/photo.jpg]
[-HG4fkCEmLAk/AAAAAAAAAAI/AAAAAAAAAAA/vDg-10iOVtY/s205-c-k-no-mo-rj-c0xffffff/photo.jpg]
[-XSFYU0zlEsw/AAAAAAAAAAI/AAAAAAAAAAA/7cmpOuPqjYM/s205-c-k-no-mo-rj-c0xffffff/photo.jpg]
[-ajIzWo4vENQ/AAAAAAAAAAI/AAAAAAAAAAA/2-S9nYQrOXg/s205-c-k-no-mo-rj-c0xffffff/photo.jpg]
[-1ym81C3QVyw/AAAAAAAAAAI/AAAAAAAAAAA/3rptz0dnLyc/s205-c-k-no-mo-rj-c0xffffff/photo.jpg]
[uF8l9T8.png]
[-o79uB9v9Tug/AAAAAAAAAAI/AAAAAAAAAAA/deNAxKyuejI/s205-c-k-no-mo-rj-c0xffffff/photo.jpg]
[-hkeOqfIyczc/AAAAAAAAAAI/AAAAAAAAAAA/27kZWqeoIzA/s205-c-k-no-mo-rj-c0xffffff/photo.jpg]
[-l8qB9dpL0TU/AAAAAAAAAAI/AAAAAAAAAAA/zCyGl9IubBY/s205-c-k-no-mo-rj-c0xffffff/photo.jpg]
[-qNLUikPg2Mc/AAAAAAAAAAI/AAAAAAAAAAA/iv2g1oFZ7kY/s205-c-k-no-mo-rj-c0xffffff/photo.jpg]
[-ei62Lsqyg1g/AAAAAAAAAAI/AAAAAAAAAAA/bXszX89HQHo/s205-c-k-no-mo-rj-c0xffffff/photo.jpg]
[-lud1gBffgq4/AAAAAAAAAAI/AAAAAAAAAAA/Z-jQDtJMobM/s205-c-k-no-mo-rj-c0xffffff/photo.jpg]
[-WVXowSUgDgI/AAAAAAAAAAI/AAAAAAAAAAA/4LYHmD1pC8A/s205-c-k-no-mo-rj-c0xffffff/photo.jpg]
[-NFKh_fBjbwI/AAAAAAAAAAI/AAAAAAAAAAA/aAuCoVmvwZY/s205-c-k-no-mo-rj-c0xffffff/photo.jpg]
[-ZrrnoGrTvgk/AAAAAAAAAAI/AAAAAAAAAAA/5PZw5rtXpUM/s205-c-k-no-mo-rj-c0xffffff/photo.jpg]
[-Q-TBmhIYSqM/AAAAAAAAAAI/AAAAAAAAAAA/8sSuNNVibxY/s205-c-k-no-mo-rj-c0xffffff/photo.jpg]
[-Ufc7_FLGBT0/AAAAAAAAAAI/AAAAAAAAAAA/LHnogJKSiNw/s205-c-k-no-mo-rj-c0xffffff/photo.jpg]
[social/index.html]
[assets/jquery.min.js]
[assets/preload.js]
[recaptcha/api.js]
[assets/preload.css]
[assets/recruitement.css]
[font-awesome/4.5.0/css/font-awesome.min.css]
[forum/styles/ravaio/theme/stylesheet65b2.css]
[forum/styles/ravaio/theme/responsive65b2.css]
[forum/styles/ravaio/theme/lightgallery65b2.css]
[forum/styles/ravaio/theme/images/aaNBiA4.jpg]
[forum/ext/bb3mobi/lastpostavatar/styles/all/theme/lastpostavatar65b2.css]
[forum/ext/dmzx/countdown/styles/ravaio/theme/countdown65b2.css]
[forum/app.php/applicationform.html]
[forum/ucp1c1d.html]
[forum/search440b.html]
[forum/faq440b.html]
[forum/searchca62.html]
[forum/search2eec.html]
[forum/index440b.html]
[forum/memberlist1073.html]
[forum/memberlist1077.html]
[forum/memberlist67b4.html]
[forum/memberlist8f2a.html]
[forum/memberlist3d12.html]
[forum/memberlistd23c.html]
[forum/memberlist62cd.html]
[en_US/i/btn/btn_donate_SM.gif]
[forum/ucp57e4.html]
[forum/ucp886e.html]
[forum/assets/javascript/jquery.min65b2.js]
[forum/assets/javascript/core65b2.js]
[forum/styles/ravaio/template/forum_fn65b2.js]
[forum/styles/ravaio/template/ajax65b2.js]
[forum/styles/ravaio/template/bootstrap65b2.js]
[forum/styles/ravaio/template/chosen.jquery65b2.js]
[forum/ext/dmzx/countdown/styles/ravaio/template/jquery.jcountdown.min65b2.js]
[forum/styles/ravaio/template/jquery.sticky65b2.js]
[forum/index.html]
[recruitment/css/jquery-1.11.0.js]
[recruitment/assets/dropdown/css/style.css]
[recruitment/assets/animate.css/animate.min.css]
[recruitment/assets/theme/css/style.css]
[assets/background/background_grey_builds.jpg]
[assets/images/izE6pMV.png]
[recruitment/index.html]
[recruitment/index.html]
[builds/css/jquery-1.11.0.js]
[builds/css/style8408.css]
[builds/css/hube062.css]
[builds/css/hover_mikub6f5.css]
[builds/assets/dropdown/css/style.css]
[builds/assets/animate.css/animate.min.css]
[builds/assets/theme/css/style.css]
[builds/index.html]
[builds/assets/raids.png]
[builds/assets/Fractals.png]
[builds/assets/big_icon/Ele.jpg]
[builds/assets/big_icon/Mesmer.jpg]
[builds/assets/big_icon/Necro.jpg]
[builds/assets/big_icon/Thief.jpg]
[builds/assets/big_icon/Ranger.jpg]
[builds/assets/big_icon/Engi.jpg]
[builds/assets/big_icon/Warrior.jpg]
[builds/assets/big_icon/Guard.jpg]
[builds/assets/big_icon/Rev.jpg]
[builds/css/script.js]
[builds/index.html]
[benchmarks/css/Mesmer.png]
[benchmarks/css/style07b2.css]
[benchmarks/css/Elementalist.png]
[benchmarks/css/hube062.css]
[benchmarks/css/hover_mikub6f5.css]
[benchmarks/assets/dropdown/css/style.html]
[benchmarks/assets/animate.css/animate.min.html]
[benchmarks/assets/theme/css/style.html]
[assets/bootstrap/css/bootstrap_miku5e1f.css]
[assets/stylesheet/bootstrap_mikuc164.css]
[assets/stylesheet/mbr-additional30f4.css]
[assets/stylesheet/mergedc164.css]
[assets/stylesheet/dropdown17f30.css]
[status/mansnothot30f4.css]
[benchmarks/index.html]
[assets/stylesheet/buildpage_style_darka6ba.css]
[raids/elementalist/css/Elementalist.png]
[raids/elementalist/css/elementalist8e5e.css]
[raids/elementalist/index.html]
[raids/mesmer/css/Mesmer.png]
[raids/mesmer/css/mesmerfb74.css]
[raids/mesmer/index.html]
[raids/necromancer/css/Necromancer.png]
[raids/necromancer/css/necromancer8e5e.css]
[raids/necromancer/index.html]
[assets/stylesheet/buildpage_style_darkf309.css]
[raids/ranger/css/Ranger.png]
[raids/ranger/css/ranger3f56.css]
[raids/ranger/index.html]
[bencmarks.html]
[raids/engineer/css/Engineer.png]
[raids/engineer/css/engineerc164.css]
[raids/engineer/index.html]
[raids/thief/css/Thief2.png]
[raids/thief/css/thiefc164.css]
[raids/thief/index.html]
[raids/warrior/css/Warrior.png]
[raids/warrior/css/warriore5bf.css]
[raids/warrior/index.html]
[gif/sc-daily-mathias-703-left-MDqc31.html]
[raids/guardian/css/Guardian.png]
[raids/guardian/css/guardianb6f5.css]
[raids/guardian/index.html]
[raids/revenant/css/Revenant.png]
[raids/revenant/css/revenant8e0e.css]
[raids/revenant/index.html]
[assets/stylesheet/buildpage_style_darke5bf.css]
[fractals/elementalist/css/Elementalist.png]
[fractals/elementalist/css/elementalist8e5e.css]
[fractals/elementalist/index.html]
[slaying/css/tabsd96c.css]
[slaying/css/bootstrap_miku7b30.css]
[slaying/css/compass/css3]
[slaying/css/table5e1f.css]
[slaying/index.html]
[assets/stylesheet/mergedb6f5.css]
[assets/stylesheet/dropdown12aec.css]
[newtoraids/css/newtoraidsa6ba.css]
[news/header/header584b.html]
[news/header/header.html]
[assets/twitch.css]
[assets/et-line-font-plugin/fonts/et-line.eot]
[assets/et-line-font-plugin/fonts/et-lined41d.eot]
[assets/et-line-font-plugin/fonts/et-line.woff]
[assets/et-line-font-plugin/fonts/et-line.ttf]
[assets/et-line-font-plugin/style.css]
[assets/bootstrap-material-design-font/fonts/Material-Design-Icons64ea.eot]
[assets/bootstrap-material-design-font/fonts/Material-Design-Iconsd41d.eot]
[assets/bootstrap-material-design-font/fonts/Material-Design-Icons64ea.woff]
[assets/bootstrap-material-design-font/fonts/Material-Design-Icons64ea.ttf]
[assets/bootstrap-material-design-font/css/material.css]
[assets/tether/tether.min.css]
[assets/stylesheet/bootstrap_mikufb74.css]
[assets/socicon/fonts/socicon.eot]
[assets/socicon/fonts/socicond41d.eot]
[assets/socicon/fonts/socicon.woff]
[assets/socicon/fonts/socicon.ttf]
[assets/socicon/css/socicon.min.css]
[assets/dropdown/css/style30f4.css]
[/stylesheet/mbr-additionalae24.html]
[social/hovereffect.css]
[social/assets/hover/css/hover_miku.html]
[social/youtube_TXT2.png]
[social/discordTXT2.png]
[social/bannersbcfe.css]
[5rP8S9N.gif]
[assets/preload.css]
[assets/recruitement.css]
[font-awesome/4.5.0/css/font-awesome.min.css]
[forum/styles/ravaio/theme/images/CROW png.png]
[forum/styles/ravaio/theme/stylesheet65b2.css]
[forum/styles/ravaio/theme/responsive65b2.css]
[forum/styles/ravaio/img/vimeo-play.html]
[forum/styles/ravaio/img/video-play.html]
[forum/styles/ravaio/img/youtube-play.html]
[forum/styles/ravaio/img/loading.html]
[forum/styles/ravaio/theme/lightgallery65b2.css]
[forum/ext/bb3mobi/lastpostavatar/styles/all/theme/lastpostavatar65b2.css]
[forum/ext/dmzx/countdown/styles/ravaio/theme/countdown65b2.css]
[forum/app.php/styles/ravaio/theme/images/aaNBiA4.html]
[forum/ucpdea0.html]
[forum/searchf081.html]
[forum/faqf081.html]
[forum/search5c4d.html]
[forum/search5dcc.html]
[forum/indexf081.html]
[forum/ucp21b2.html]
[forum/ucp7c12.html]
[forum/ucp8b5f.html]
[forum/memberlist60bf.html]
[forum/app.php/applicationform.html]
[forum/ucp1c1d.html]
[forum/search440b.html]
[forum/ucp9211.html]
[forum/ucp1831.html]
[forum/faq440b.html]
[forum/viewforum0007.html]
[forum/searchca62.html]
[forum/search2eec.html]
[forum/index440b.html]
[forum/memberlist1073.html]
[forum/memberlist1077.html]
[forum/memberlist67b4.html]
[forum/memberlist8f2a.html]
[forum/memberlist3d12.html]
[forum/memberlistd23c.html]
[forum/memberlist62cd.html]
[forum/ucp57e4.html]
[forum/ucp886e.html]
[recruitment/css/jquery-1.11.0.html]
[recruitment/assets/dropdown/css/style.html]
[recruitment/assets/animate.css/animate.min.html]
[recruitment/assets/theme/css/style.html]
[recruitment/index.html]
[builds/css/style8408.css]
[builds/css/Elementalist.png]
[builds/css/hube062.css]
[builds/css/hover_mikub6f5.css]
[builds/assets/dropdown/css/style.html]
[builds/assets/animate.css/animate.min.html]
[builds/assets/theme/css/style.html]
[builds/index.html]
[benchmarks/css/Mesmer.html]
[benchmarks/css/Elementalist.html]
[assets/WEAPONSWAP.html]
[slaying/css/compass/css3.html]
[assets/et-line-font-plugin/fonts/et-line.svg]
[assets/bootstrap-material-design-font/fonts/Material-Design-Icons64ea.svg]
[assets/socicon/fonts/socicon.html]
[assets/socicon/fonts/socicon.svg]
[forum/styles/ravaio/img/styles/ravaio/theme/images/aaNBiA4.html]
[forum/ucp2b1c.html]
[forum/search5c3e.html]
[forum/faq5c3e.html]
[forum/searchdbc7.html]
[forum/searchc634.html]
[forum/index5c3e.html]
[forum/ucp30ac.html]
[forum/ucpd067.html]
[forum/ucp7261.html]
[forum/memberlist90b3.html]
[forum/styles/ravaio/img/vimeo-play.html]
[forum/ucpefce.html]
[forum/searchff16.html]
[forum/faqff16.html]
[forum/search79e1.html]
[forum/search8360.html]
[forum/indexff16.html]
[forum/ucp1eb5.html]
[forum/ucp85fb.html]
[forum/ucpf073.html]
[forum/memberlistb266.html]
[forum/styles/ravaio/img/video-play.html]
[forum/ucp0380.html]
[forum/search1f22.html]
[forum/faq1f22.html]
[forum/search8d27.html]
[forum/search7e8f.html]
[forum/index1f22.html]
[forum/ucp2e20.html]
[forum/ucp7390.html]
[forum/ucpce70.html]
[forum/memberlist7762.html]
[forum/styles/ravaio/img/youtube-play.html]
[forum/ucpf894.html]
[forum/search9bef.html]
[forum/faq9bef.html]
[forum/search0ca2.html]
[forum/search68eb.html]
[forum/index9bef.html]
[forum/ucp1c8d.html]
[forum/ucp0115.html]
[forum/ucp53b3.html]
[forum/memberlist8d08.html]
[forum/styles/ravaio/img/loading.html]
[forum/app.php/styles/ravaio/theme/images/styles/ravaio/theme/images/aaNBiA4.html]
[forum/ucp6750.html]
[forum/searcha992.html]
[forum/faqa992.html]
[forum/search19f3.html]
[forum/searchdec1.html]
[forum/indexa992.html]
[forum/ucp5e0e.html]
[forum/ucpa72d.html]
[forum/ucpfafb.html]
[forum/memberlist65f1.html]
[forum/app.php/styles/ravaio/theme/images/aaNBiA4.html]
[forum/ucp5c0c.html]
[forum/ucpdea0.html]
[forum/searchf081.html]
[forum/faqf081.html]
[forum/viewforum9f28.html]
[forum/search5c4d.html]
[forum/search5dcc.html]
[forum/memberlistf718.html]
[forum/memberlist12b2.html]
[forum/memberlistb922.html]
[forum/memberlist35b2.html]
[forum/memberlistd148.html]
[forum/memberlist5a0a.html]
[forum/indexf081.html]
[forum/ucp21b2.html]
[forum/ucp7c12.html]
[forum/ucp8b5f.html]
[forum/memberlist60bf.html]
[forum/ucp9211.html]
[forum/ucp1831.html]
[forum/viewforum8a83.html]
[forum/viewforum0007.html]
[builds/css/Elementalist.html]
[forum/styles/ravaio/img/styles/ravaio/theme/images/styles/ravaio/theme/images/aaNBiA4.html]
[forum/ucp1181.html]
[forum/search005e.html]
[forum/faq005e.html]
[forum/search769b.html]
[forum/search519c.html]
[forum/index005e.html]
[forum/ucpbe83.html]
[forum/ucp2f89.html]
[forum/ucp0690.html]
[forum/memberlist4f2b.html]
[forum/styles/ravaio/img/styles/ravaio/theme/images/aaNBiA4.html]
[forum/ucp848f.html]
[forum/ucp2b1c.html]
[forum/search5c3e.html]
[forum/faq5c3e.html]
[forum/viewforum0ee4.html]
[forum/searchdbc7.html]
[forum/searchc634.html]
[forum/memberlistf866.html]
[forum/memberlist5e55.html]
[forum/memberlistfb0b.html]
[forum/memberlistd3f9.html]
[forum/memberlist331e.html]
[forum/memberlist2298.html]
[forum/index5c3e.html]
[forum/ucp30ac.html]
[forum/ucpd067.html]
[forum/ucp7261.html]
[forum/memberlist90b3.html]
[forum/ucp5488.html]
[forum/ucpefce.html]
[forum/searchff16.html]
[forum/faqff16.html]
[forum/viewforuma391.html]
[forum/search79e1.html]
[forum/search8360.html]
[forum/memberlist35e2.html]
[forum/memberlist97da.html]
[forum/memberlist5c53.html]
[forum/memberlist3e88.html]
[forum/memberlistc56e.html]
[forum/memberlistef64.html]
[forum/indexff16.html]
[forum/ucp1eb5.html]
[forum/ucp85fb.html]
[forum/ucpf073.html]
[forum/memberlistb266.html]
[forum/ucpbdc5.html]
[forum/ucp0380.html]
[forum/search1f22.html]
[forum/faq1f22.html]
[forum/viewforuma2af.html]
[forum/search8d27.html]
[forum/search7e8f.html]
[forum/memberlistd277.html]
[forum/memberlista961.html]
[forum/memberlist0c17.html]
[forum/memberlist342c.html]
[forum/memberlist46ce.html]
[forum/memberlist253f.html]
[forum/index1f22.html]
[forum/ucp2e20.html]
[forum/ucp7390.html]
[forum/ucpce70.html]
[forum/memberlist7762.html]
[forum/ucp7427.html]
[forum/ucpf894.html]
[forum/search9bef.html]
[forum/faq9bef.html]
[forum/viewforum682e.html]
[forum/search0ca2.html]
[forum/search68eb.html]
[forum/memberlista8f6.html]
[forum/memberlistc4fc.html]
[forum/memberlist63be.html]
[forum/memberlist7307.html]
[forum/memberlist90c9.html]
[forum/memberlist196c.html]
[forum/index9bef.html]
[forum/ucp1c8d.html]
[forum/ucp0115.html]
[forum/ucp53b3.html]
[forum/memberlist8d08.html]
[forum/app.php/styles/ravaio/theme/images/styles/ravaio/theme/images/styles/ravaio/theme/images/aaNBiA4.html]
[forum/ucp0069.html]
[forum/search90d5.html]
[forum/faq90d5.html]
[forum/search97a3.html]
[forum/search0888.html]
[forum/index90d5.html]
[forum/ucpe1e9.html]
[forum/ucp7bf2.html]
[forum/ucpc266.html]
[forum/memberlist9983.html]
[forum/app.php/styles/ravaio/theme/images/styles/ravaio/theme/images/aaNBiA4.html]
[forum/ucpeb45.html]
[forum/ucp6750.html]
[forum/searcha992.html]
[forum/faqa992.html]
[forum/viewforumcad6.html]
[forum/search19f3.html]
[forum/searchdec1.html]
[forum/memberlist8885.html]
[forum/memberlistec68.html]
[forum/memberlist3503.html]
[forum/memberlistd395.html]
[forum/memberlist63a7.html]
[forum/memberlist735c.html]
[forum/indexa992.html]
[forum/ucp5e0e.html]
[forum/ucpa72d.html]
[forum/ucpfafb.html]
[forum/memberlist65f1.html]
[forum/ucp5c0c.html]
[forum/viewforum9f28.html]
[forum/memberlistf718.html]
[forum/memberlist12b2.html]
[forum/memberlistb922.html]
[forum/memberlist35b2.html]
[forum/memberlistd148.html]
[forum/memberlist5a0a.html]
[forum/ucp0ef5.html]
[forum/searchd6d9.html]
[forum/faqd6d9.html]
[forum/searchc6ef.html]
[forum/searchd33a.html]
[forum/indexd6d9.html]
[forum/viewforumac69.html]
[forum/memberlistf02e.html]
[forum/ucp553b.html]
[forum/viewforum8a83.html]
[forum/styles/ravaio/img/styles/ravaio/theme/images/styles/ravaio/theme/images/styles/ravaio/theme/images/aaNBiA4.html]
[forum/ucp5191.html]
[forum/search5888.html]
[forum/faq5888.html]
[forum/search84e1.html]
[forum/search93c0.html]
[forum/index5888.html]
[forum/ucpa73f.html]
[forum/ucp789a.html]
[forum/ucpae5e.html]
[forum/memberlist74ba.html]
[forum/styles/ravaio/img/styles/ravaio/theme/images/styles/ravaio/theme/images/aaNBiA4.html]
[forum/ucp8713.html]
[forum/ucp1181.html]
[forum/search005e.html]
[forum/faq005e.html]
[forum/viewforuma387.html]
[forum/search769b.html]
[forum/search519c.html]
[forum/memberlist224c.html]
[forum/memberlist63c5.html]
[forum/memberlistaaf6.html]
[forum/memberlistab0d.html]
[forum/memberlist932e.html]
[forum/memberliste785.html]
[forum/index005e.html]
[forum/ucpbe83.html]
[forum/ucp2f89.html]
[forum/ucp0690.html]
[forum/memberlist4f2b.html]
[forum/ucp848f.html]
[forum/viewforum0ee4.html]
[forum/memberlistf866.html]
[forum/memberlist5e55.html]
[forum/memberlistfb0b.html]
[forum/memberlistd3f9.html]
[forum/memberlist331e.html]
[forum/memberlist2298.html]
[forum/ucp5488.html]
[forum/viewforuma391.html]
[forum/memberlist35e2.html]
[forum/memberlist97da.html]
[forum/memberlist5c53.html]
[forum/memberlist3e88.html]
[forum/memberlistc56e.html]
[forum/memberlistef64.html]
[forum/ucpbdc5.html]
[forum/viewforuma2af.html]
[forum/memberlistd277.html]
[forum/memberlista961.html]
[forum/memberlist0c17.html]
[forum/memberlist342c.html]
[forum/memberlist46ce.html]
[forum/memberlist253f.html]
[forum/ucp7427.html]
[forum/viewforum682e.html]
[forum/memberlista8f6.html]
[forum/memberlistc4fc.html]
[forum/memberlist63be.html]
[forum/memberlist7307.html]
[forum/memberlist90c9.html]
[forum/memberlist196c.html]
[forum/app.php/styles/ravaio/theme/images/styles/ravaio/theme/images/styles/ravaio/theme/images/styles/ravaio/theme/images/aaNBiA4.html]
[forum/ucp1912.html]
[forum/search2899.html]
[forum/faq2899.html]
[forum/search09b0.html]
[forum/search7f9b.html]
[forum/index2899.html]
[forum/ucpec3b.html]
[forum/ucpaea9.html]
[forum/ucp0bd9.html]
[forum/memberlist9e71.html]
[forum/app.php/styles/ravaio/theme/images/styles/ravaio/theme/images/styles/ravaio/theme/images/aaNBiA4.html]
[forum/ucpca9c.html]
[forum/ucp0069.html]
[forum/search90d5.html]
[forum/faq90d5.html]
[forum/viewforumdff2.html]
[forum/search97a3.html]
[forum/search0888.html]
[forum/memberlist93dd.html]
[forum/memberlist71d0.html]
[forum/memberlistc706.html]
[forum/memberlist5409.html]
[forum/memberlistac3f.html]
[forum/memberlist2767.html]
[forum/index90d5.html]
[forum/ucpe1e9.html]
[forum/ucp7bf2.html]
[forum/ucpc266.html]
[forum/memberlist9983.html]
[forum/ucpeb45.html]
[forum/viewforumcad6.html]
[forum/memberlist8885.html]
[forum/memberlistec68.html]
[forum/memberlist3503.html]
[forum/memberlistd395.html]
[forum/memberlist63a7.html]
[forum/memberlist735c.html]
[forum/ucp0ef5.html]
[forum/searchd6d9.html]
[forum/ucp1963.html]
[forum/ucp24c8.html]
[forum/ucpf09b.html]
[forum/faqd6d9.html]
[forum/searchc6ef.html]
[forum/searchd33a.html]
[forum/memberlistf8f1.html]
[forum/memberliste27e.html]
[forum/memberlist6191.html]
[forum/memberlistd50e.html]
[forum/memberlisted7b.html]
[forum/memberlist46c4.html]
[forum/indexd6d9.html]
[forum/viewforumac69.html]
[forum/memberlistf02e.html]
[forum/ucp553b.html]
[forum/styles/ravaio/img/styles/ravaio/theme/images/styles/ravaio/theme/images/styles/ravaio/theme/images/styles/ravaio/theme/images/aaNBiA4.html]
[forum/ucpcd28.html]
[forum/searchdacb.html]
[forum/faqdacb.html]
[forum/searche78b.html]
[forum/searchcc34.html]
[forum/indexdacb.html]
[forum/ucpabca.html]
[forum/ucpcd3b.html]
[forum/ucp54ee.html]
[forum/memberlistfd8e.html]
[forum/styles/ravaio/img/styles/ravaio/theme/images/styles/ravaio/theme/images/styles/ravaio/theme/images/aaNBiA4.html]
[forum/ucp3f9b.html]
[forum/ucp5191.html]
[forum/search5888.html]
[forum/faq5888.html]
[forum/viewforume187.html]
[forum/search84e1.html]
[forum/search93c0.html]
[forum/memberliste33d.html]
[forum/memberlist9739.html]
[forum/memberlistf4d8.html]
[forum/memberlista674.html]
[forum/memberlist102b.html]
[forum/memberliste62d.html]
[forum/index5888.html]
[forum/ucpa73f.html]
[forum/ucp789a.html]
[forum/ucpae5e.html]
[forum/memberlist74ba.html]
[forum/ucp8713.html]
[forum/viewforuma387.html]
[forum/memberlist224c.html]
[forum/memberlist63c5.html]
[forum/memberlistaaf6.html]
[forum/memberlistab0d.html]
[forum/memberlist932e.html]
[forum/memberliste785.html]
[forum/app.php/styles/ravaio/theme/images/styles/ravaio/theme/images/styles/ravaio/theme/images/styles/ravaio/theme/images/styles/ravaio/theme/images/aaNBiA4.html]
[forum/ucp3692.html]
[forum/search1f83.html]
[forum/faq1f83.html]
[forum/search4650.html]
[forum/searchd454.html]
[forum/index1f83.html]
[forum/ucpe34f.html]
[forum/ucp03db.html]
[forum/ucpde2b.html]
[forum/memberlistc402.html]
[forum/app.php/styles/ravaio/theme/images/styles/ravaio/theme/images/styles/ravaio/theme/images/styles/ravaio/theme/images/aaNBiA4.html]
[forum/ucp19b7.html]
[forum/ucp1912.html]
[forum/search2899.html]
[forum/faq2899.html]
[forum/viewforum04d4.html]
[forum/search09b0.html]
[forum/search7f9b.html]
[forum/memberlistb25a.html]
[forum/memberlist048d.html]
[forum/memberlist7248.html]
[forum/memberlistd10b.html]
[forum/memberliste332.html]
[forum/memberlist177b.html]
[forum/index2899.html]
[forum/ucpec3b.html]
[forum/ucpaea9.html]
[forum/ucp0bd9.html]
[forum/memberlist9e71.html]
[forum/ucpca9c.html]
[forum/viewforumdff2.html]
[forum/memberlist93dd.html]
[forum/memberlist71d0.html]
[forum/memberlistc706.html]
[forum/memberlist5409.html]
[forum/memberlistac3f.html]
[forum/memberlist2767.html]
[forum/ucp1963.html]
[forum/ucp24c8.html]
[forum/ucpf09b.html]
[forum/memberlistf8f1.html]
[forum/memberliste27e.html]
[forum/memberlist6191.html]
[forum/memberlistd50e.html]
[forum/memberlisted7b.html]
[forum/memberlist46c4.html]
[forum/styles/ravaio/img/styles/ravaio/theme/images/styles/ravaio/theme/images/styles/ravaio/theme/images/styles/ravaio/theme/images/styles/ravaio/theme/images/aaNBiA4.html]
[forum/ucp37c0.html]
[forum/searchf537.html]
[forum/faqf537.html]
[forum/searchb6c9.html]
[forum/searchf60a.html]
[forum/indexf537.html]
[forum/ucpeb8e.html]
[forum/ucp3ab7.html]
[forum/ucpa7b3.html]
[forum/memberlist4201.html]
[forum/styles/ravaio/img/styles/ravaio/theme/images/styles/ravaio/theme/images/styles/ravaio/theme/images/styles/ravaio/theme/images/aaNBiA4.html]
[forum/ucpdd70.html]
[forum/ucpcd28.html]
[forum/searchdacb.html]
[forum/faqdacb.html]
[forum/viewforum066e.html]
[forum/searche78b.html]
[forum/searchcc34.html]
[forum/memberlistd5c9.html]
[forum/memberlist088c.html]
[forum/memberlist3702.html]
[forum/memberlista5a7.html]
[forum/memberlist2668.html]
[forum/memberliste522.html]
[forum/indexdacb.html]
[forum/ucpabca.html]
[forum/ucpcd3b.html]
[forum/ucp54ee.html]
[forum/memberlistfd8e.html]
[forum/ucp3f9b.html]
[forum/viewforume187.html]
[forum/memberliste33d.html]
[forum/memberlist9739.html]
[forum/memberlistf4d8.html]
[forum/memberlista674.html]
[forum/memberlist102b.html]
[forum/memberliste62d.html]
[forum/app.php/styles/ravaio/theme/images/styles/ravaio/theme/images/styles/ravaio/theme/images/styles/ravaio/theme/images/styles/ravaio/theme/images/styles/ravaio/theme/images/aaNBiA4.html]
[forum/ucpdb0b.html]
[forum/searchef62.html]
[forum/faqef62.html]
[forum/searchad47.html]
[forum/searche932.html]
[forum/indexef62.html]
[forum/ucpb7b5.html]
[forum/ucp21f4.html]
[forum/ucp75ba.html]
[forum/memberlist4b55.html]
[forum/app.php/styles/ravaio/theme/images/styles/ravaio/theme/images/styles/ravaio/theme/images/styles/ravaio/theme/images/styles/ravaio/theme/images/aaNBiA4.html]
[forum/ucpa36c.html]
[forum/ucp3692.html]
[forum/search1f83.html]
[forum/faq1f83.html]
[forum/viewforum1f63.html]
[forum/search4650.html]
[forum/searchd454.html]
[forum/memberlista9b7.html]
[forum/memberlistce44.html]
[forum/memberliste6f1.html]
[forum/memberlistdefc.html]
[forum/memberlist2a72.html]
[forum/memberlist7637.html]
[forum/index1f83.html]
[forum/ucpe34f.html]
[forum/ucp03db.html]
[forum/ucpde2b.html]
[forum/memberlistc402.html]
[forum/ucp19b7.html]
[forum/viewforum04d4.html]
[forum/memberlistb25a.html]
[forum/memberlist048d.html]
[forum/memberlist7248.html]
[forum/memberlistd10b.html]
[forum/memberliste332.html]
[forum/memberlist177b.html]
[forum/styles/ravaio/img/styles/ravaio/theme/images/styles/ravaio/theme/images/styles/ravaio/theme/images/styles/ravaio/theme/images/styles/ravaio/theme/images/styles/ravaio/theme/images/aaNBiA4.html]
[forum/ucp8bbe.html]
[forum/search4c5a.html]
[forum/faq4c5a.html]
[forum/search72dd.html]
[forum/search1ea6.html]
[forum/index4c5a.html]
[forum/ucp09e5.html]
[forum/ucpc778.html]
[forum/ucp0276.html]
[forum/memberlist4bac.html]
[forum/styles/ravaio/img/styles/ravaio/theme/images/styles/ravaio/theme/images/styles/ravaio/theme/images/styles/ravaio/theme/images/styles/ravaio/theme/images/aaNBiA4.html]
[forum/ucp2b6f.html]
[forum/ucp37c0.html]
[forum/searchf537.html]
[forum/faqf537.html]
[forum/viewforum7e08.html]
[forum/searchb6c9.html]
[forum/searchf60a.html]
[forum/memberlist3710.html]
[forum/memberlist51c5.html]
[forum/memberlistbe61.html]
[forum/memberlist6a10.html]
[forum/memberlist42ec.html]
[forum/memberlist4e91.html]
[forum/indexf537.html]
[forum/ucpeb8e.html]
[forum/ucp3ab7.html]
[forum/ucpa7b3.html]
[forum/memberlist4201.html]
[forum/ucpdd70.html]
[forum/viewforum066e.html]
[forum/memberlistd5c9.html]
[forum/memberlist088c.html]
[forum/memberlist3702.html]
[forum/memberlista5a7.html]
[forum/memberlist2668.html]
[forum/memberliste522.html]
[forum/ucpdd80.html]
[forum/search46ea.html]
[forum/app.php/styles/ravaio/theme/images/styles/ravaio/theme/images/styles/ravaio/theme/images/styles/ravaio/theme/images/styles/ravaio/theme/images/styles/ravaio/theme/images/styles/ravaio/t/aaNBiA4.5ef.delaye]
[forum/faq46ea.html]
[forum/search7cb5.html]
[forum/search2266.html]
[forum/index46ea.html]
[forum/ucpd72d.html]
[forum/ucp484d.html]
[forum/ucp8de7.html]
[forum/memberlist66a9.html]
[forum/app.php/styles/ravaio/theme/images/styles/ravaio/theme/images/styles/ravaio/theme/images/styles/ravaio/theme/images/styles/ravaio/theme/images/styles/ravaio/theme/images/aaNBiA4.html]
[forum/ucp8a12.html]
[forum/ucpdb0b.html]
[forum/searchef62.html]
[forum/faqef62.html]
[forum/viewforum1295.html]
[forum/searchad47.html]
[forum/searche932.html]
[forum/memberlist961f.html]
[forum/memberlistea8e.html]
[forum/memberlist131e.html]
[forum/memberliste630.html]
[forum/memberlistb118.html]
[forum/memberlist4f19.html]
[forum/indexef62.html]
[forum/ucpb7b5.html]
[forum/ucp21f4.html]
[forum/ucp75ba.html]
[forum/memberlist4b55.html]
[forum/ucpa36c.html]
[forum/viewforum1f63.html]
[forum/memberlista9b7.html]
[forum/memberlistce44.html]
[forum/memberliste6f1.html]
[forum/memberlistdefc.html]
[forum/memberlist2a72.html]
[forum/memberlist7637.html]
[forum/ucp4dfa.html]
[forum/search9235.html]
[forum/styles/ravaio/img/styles/ravaio/theme/images/styles/ravaio/theme/images/styles/ravaio/theme/images/styles/ravaio/theme/images/styles/ravaio/theme/images/styles/ravaio/theme/images/style/aaNBiA4.63d.delaye]
[forum/faq9235.html]
[forum/search2187.html]
[forum/search1c5e.html]
[forum/index9235.html]
[forum/ucp7517.html]
[forum/ucp6c8e.html]
[forum/ucp3211.html]
[forum/memberlistf983.html]
[forum/styles/ravaio/img/styles/ravaio/theme/images/styles/ravaio/theme/images/styles/ravaio/theme/images/styles/ravaio/theme/images/styles/ravaio/theme/images/styles/ravaio/theme/images/aaNBiA4.html]
[forum/ucp05ef.html]
[forum/ucp8bbe.html]
[forum/search4c5a.html]
[forum/faq4c5a.html]
[forum/viewforumdb34.html]
[forum/search72dd.html]
[forum/search1ea6.html]
[forum/memberlistc68b.html]
[forum/memberlist2c58.html]
[forum/memberlista042.html]
[forum/memberlist3d5c.html]
[forum/memberlist265f.html]
[forum/memberlist1aa5.html]
[forum/index4c5a.html]
[forum/ucp09e5.html]
[forum/ucpc778.html]
[forum/ucp0276.html]
[forum/memberlist4bac.html]
[forum/ucp2b6f.html]
[forum/viewforum7e08.html]
[forum/memberlist3710.html]
[forum/memberlist51c5.html]
[forum/memberlistbe61.html]
[forum/memberlist6a10.html]
[forum/memberlist42ec.html]
[forum/memberlist4e91.html]
[forum/ucpca4b.html]
[forum/app.php/styles/ravaio/theme/images/styles/ravaio/theme/images/styles/ravaio/theme/images/styles/ravaio/theme/images/styles/ravaio/theme/images/styles/ravaio/theme/images/styles/ravaio/t/aaNBiA4.68b.delaye]
[forum/search9839.html]
[forum/faq9839.html]
[forum/searchb6ba.html]
[forum/search3806.html]
[forum/index9839.html]
[forum/ucp6530.html]
[forum/ucp04d3.html]
[forum/ucp56f4.html]
[forum/memberlistffe0.html]
[forum/app.php/styles/ravaio/theme/images/styles/ravaio/theme/images/styles/ravaio/theme/images/styles/ravaio/theme/images/styles/ravaio/theme/images/styles/ravaio/theme/images/styles/ravaio/t/aaNBiA4.5ef.delaye]
[forum/ucpd323.html]
[forum/ucpdd80.html]
[forum/search46ea.html]
[forum/faq46ea.html]
[forum/viewforum0e4e.html]
[forum/search7cb5.html]
[forum/search2266.html]
[forum/memberlist5015.html]
[forum/memberlist51ba.html]
[forum/memberlist382e.html]
[forum/memberlistf6fe.html]
[forum/memberliste14a.html]
[forum/memberlist135a.html]
[forum/index46ea.html]
[forum/ucpd72d.html]
[forum/ucp484d.html]
[forum/ucp8de7.html]
[forum/memberlist66a9.html]
[forum/ucp8a12.html]
[forum/viewforum1295.html]
[forum/memberlist961f.html]
[forum/memberlistea8e.html]
[forum/memberlist131e.html]
[forum/memberliste630.html]
[forum/memberlistb118.html]
[forum/memberlist4f19.html]
[forum/ucpd84c.html]
[forum/styles/ravaio/img/styles/ravaio/theme/images/styles/ravaio/theme/images/styles/ravaio/theme/images/styles/ravaio/theme/images/styles/ravaio/theme/images/styles/ravaio/theme/images/style/aaNBiA4.6d9.delaye]
[forum/searche3e3.html]
[forum/faqe3e3.html]
[forum/search19f8.html]
[forum/search4460.html]
[forum/indexe3e3.html]
[forum/ucp20dd.html]
[forum/ucp8861.html]
[forum/ucpd3b3.html]
[forum/memberlist0131.html]
[forum/styles/ravaio/img/styles/ravaio/theme/images/styles/ravaio/theme/images/styles/ravaio/theme/images/styles/ravaio/theme/images/styles/ravaio/theme/images/styles/ravaio/theme/images/style/aaNBiA4.63d.delaye]
[forum/ucp2809.html]
[forum/ucp4dfa.html]
[forum/search9235.html]
[forum/faq9235.html]
[forum/viewforum73d6.html]
[forum/search2187.html]
[forum/search1c5e.html]
[forum/memberlist2ee1.html]
[forum/memberlistfe1e.html]
[forum/memberlistee37.html]
[forum/memberlistca13.html]
[forum/memberlist78e3.html]
[forum/memberlist5677.html]
[forum/index9235.html]
[forum/ucp7517.html]
[forum/ucp6c8e.html]
[forum/ucp3211.html]
[forum/memberlistf983.html]
[forum/ucp05ef.html]
[forum/viewforumdb34.html]
[forum/memberlistc68b.html]
[forum/memberlist2c58.html]
[forum/memberlista042.html]
[forum/memberlist3d5c.html]
[forum/memberlist265f.html]
[forum/memberlist1aa5.html]
[forum/ucp953a.html]
[forum/app.php/styles/ravaio/theme/images/styles/ravaio/theme/images/styles/ravaio/theme/images/styles/ravaio/theme/images/styles/ravaio/theme/images/styles/ravaio/theme/images/styles/ravaio/t/aaNBiA4.727.delaye]
[forum/search7996.html]
[forum/faq7996.html]
[forum/search8794.html]
[forum/searchcf4f.html]
[forum/index7996.html]
[forum/ucpdb1d.html]
[forum/ucpc796.html]
[forum/ucp601e.html]
[forum/memberlist7c18.html]
[forum/app.php/styles/ravaio/theme/images/styles/ravaio/theme/images/styles/ravaio/theme/images/styles/ravaio/theme/images/styles/ravaio/theme/images/styles/ravaio/theme/images/styles/ravaio/t/aaNBiA4.68b.delaye]
[forum/ucpb803.html]
[forum/ucpca4b.html]
[forum/search9839.html]
[forum/faq9839.html]
[forum/viewforumcabb.html]
[forum/searchb6ba.html]
[forum/search3806.html]
[forum/memberlist21e1.html]
[forum/memberlist9e1f.html]
[forum/memberlist7e93.html]
[forum/memberlist4f42.html]
[forum/memberlist0d0a.html]
[forum/memberlist32c5.html]
[forum/index9839.html]
[forum/ucp6530.html]
[forum/ucp04d3.html]
[forum/ucp56f4.html]
[forum/memberlistffe0.html]
[forum/ucpd323.html]
[forum/viewforum0e4e.html]
[forum/memberlist5015.html]
[forum/memberlist51ba.html]
[forum/memberlist382e.html]
[forum/memberlistf6fe.html]
[forum/memberliste14a.html]
[forum/memberlist135a.html]
[forum/ucp6751.html]
[forum/styles/ravaio/img/styles/ravaio/theme/images/styles/ravaio/theme/images/styles/ravaio/theme/images/styles/ravaio/theme/images/styles/ravaio/theme/images/styles/ravaio/theme/images/style/aaNBiA4.775.delaye]
[forum/searchda42.html]
[forum/faqda42.html]
[forum/searchd4d1.html]
[forum/searchf3c2.html]
[forum/indexda42.html]
[forum/ucp3344.html]
[forum/ucpccbe.html]
[forum/ucpbc94.html]
[forum/memberlistce1a.html]
[forum/styles/ravaio/img/styles/ravaio/theme/images/styles/ravaio/theme/images/styles/ravaio/theme/images/styles/ravaio/theme/images/styles/ravaio/theme/images/styles/ravaio/theme/images/style/aaNBiA4.6d9.delaye]
[forum/ucp4187.html]
[forum/ucpd84c.html]
[forum/searche3e3.html]
[forum/faqe3e3.html]
[forum/viewforum7612.html]
[forum/search19f8.html]
[forum/search4460.html]
[forum/memberlist19d4.html]
[forum/memberlistecf1.html]
[forum/memberlistb743.html]
[forum/memberlist662f.html]
[forum/memberlist1920.html]
[forum/memberlistba22.html]
[forum/indexe3e3.html]
[forum/ucp20dd.html]
[forum/ucp8861.html]
[forum/ucpd3b3.html]
[forum/memberlist0131.html]
[forum/ucp2809.html]
[forum/viewforum73d6.html]
[forum/memberlist2ee1.html]
[forum/memberlistfe1e.html]
[forum/memberlistee37.html]
[forum/memberlistca13.html]
[forum/memberlist78e3.html]
[forum/memberlist5677.html]
[forum/ucpf9b5.html]
[forum/app.php/styles/ravaio/theme/images/styles/ravaio/theme/images/styles/ravaio/theme/images/styles/ravaio/theme/images/styles/ravaio/theme/images/styles/ravaio/theme/images/styles/ravaio/t/aaNBiA4.7c3.delaye]
[forum/searchedb5.html]
[forum/faqedb5.html]
[forum/search7945.html]
[forum/search947d.html]
[forum/indexedb5.html]
[forum/ucpf43f.html]
[forum/ucpd441.html]
[forum/ucp539f.html]
[forum/memberlista3d7.html]
[forum/app.php/styles/ravaio/theme/images/styles/ravaio/theme/images/styles/ravaio/theme/images/styles/ravaio/theme/images/styles/ravaio/theme/images/styles/ravaio/theme/images/styles/ravaio/t/aaNBiA4.727.delaye]
[forum/ucp6d47.html]
[forum/ucp953a.html]
[forum/search7996.html]
[forum/faq7996.html]
[forum/viewforumf670.html]
[forum/search8794.html]
[forum/searchcf4f.html]
[forum/memberlist8cfd.html]
[forum/memberlist4dad.html]
[forum/memberlist634d.html]
[forum/memberlista93f.html]
[forum/memberlist2f35.html]
[forum/memberlist9760.html]
[forum/index7996.html]
[forum/ucpdb1d.html]
[forum/ucpc796.html]
[forum/ucp601e.html]
[forum/memberlist7c18.html]
[forum/ucpb803.html]
[forum/viewforumcabb.html]
[forum/memberlist21e1.html]
[forum/memberlist9e1f.html]
[forum/memberlist7e93.html]
[forum/memberlist4f42.html]
[forum/memberlist0d0a.html]
[forum/memberlist32c5.html]
[forum/ucp7816.html]
[forum/styles/ravaio/img/styles/ravaio/theme/images/styles/ravaio/theme/images/styles/ravaio/theme/images/styles/ravaio/theme/images/styles/ravaio/theme/images/styles/ravaio/theme/images/style/aaNBiA4.811.delaye]
[forum/search1cbb.html]
[forum/faq1cbb.html]
[forum/search99de.html]
[forum/search4f11.html]
[forum/index1cbb.html]
[forum/ucp04e7.html]
[forum/ucp5b6f.html]
[forum/ucpab8b.html]
[forum/memberlistcb49.html]
[forum/styles/ravaio/img/styles/ravaio/theme/images/styles/ravaio/theme/images/styles/ravaio/theme/images/styles/ravaio/theme/images/styles/ravaio/theme/images/styles/ravaio/theme/images/style/aaNBiA4.775.delaye]
[forum/ucpcfe0.html]
[forum/ucp6751.html]
[forum/searchda42.html]
[forum/faqda42.html]
[forum/viewforum8032.html]
[forum/searchd4d1.html]
[forum/searchf3c2.html]
[forum/memberlist34bf.html]
[forum/memberlistb99a.html]
[forum/memberlist1b05.html]
[forum/memberlistea46.html]
[forum/memberlistbb78.html]
[forum/memberlistdadd.html]
[forum/indexda42.html]
[forum/ucp3344.html]
[forum/ucpccbe.html]
[forum/ucpbc94.html]
[forum/memberlistce1a.html]
[forum/ucp4187.html]
[forum/viewforum7612.html]
[forum/memberlist19d4.html]
[forum/memberlistecf1.html]
[forum/memberlistb743.html]
[forum/memberlist662f.html]
[forum/memberlist1920.html]
[forum/memberlistba22.html]
[forum/ucp97c0.html]
[forum/app.php/styles/ravaio/theme/images/styles/ravaio/theme/images/styles/ravaio/theme/images/styles/ravaio/theme/images/styles/ravaio/theme/images/styles/ravaio/theme/images/styles/ravaio/t/aaNBiA4.85f.delaye]
[forum/searchac23.html]
[forum/faqac23.html]
[forum/search9893.html]
[forum/searchc41c.html]
[forum/indexac23.html]
[forum/ucpf623.html]
[forum/ucp3143.html]
[forum/ucpad42.html]
[forum/memberlistd63d.html]
[forum/app.php/styles/ravaio/theme/images/styles/ravaio/theme/images/styles/ravaio/theme/images/styles/ravaio/theme/images/styles/ravaio/theme/images/styles/ravaio/theme/images/styles/ravaio/t/aaNBiA4.7c3.delaye]
[forum/ucp53a5.html]
[forum/ucpf9b5.html]
[forum/searchedb5.html]
[forum/faqedb5.html]
[forum/viewforum69b0.html]
[forum/search7945.html]
[forum/search947d.html]
[forum/memberlist7ebd.html]
[forum/memberlist9308.html]
[forum/memberlist126a.html]
[forum/memberlist0280.html]
[forum/memberlistdfa9.html]
[forum/memberlist765f.html]
[forum/indexedb5.html]
[forum/ucpf43f.html]
[forum/ucpd441.html]
[forum/ucp539f.html]
[forum/memberlista3d7.html]
[forum/ucp6d47.html]
[forum/viewforumf670.html]
[forum/memberlist8cfd.html]
[forum/memberlist4dad.html]
[forum/memberlist634d.html]
[forum/memberlista93f.html]
[forum/memberlist2f35.html]
[forum/memberlist9760.html]
[forum/ucp05c8.html]
[forum/search9faa.html]
[forum/styles/ravaio/img/styles/ravaio/theme/images/styles/ravaio/theme/images/styles/ravaio/theme/images/styles/ravaio/theme/images/styles/ravaio/theme/images/styles/ravaio/theme/images/style/aaNBiA4.8ad.delaye]
[forum/faq9faa.html]
[forum/search06a3.html]
[forum/searchdbad.html]
[forum/index9faa.html]
[forum/ucpfcc1.html]
[forum/ucp5a36.html]
[forum/ucpf40e.html]
[forum/memberlist531d.html]
[forum/styles/ravaio/img/styles/ravaio/theme/images/styles/ravaio/theme/images/styles/ravaio/theme/images/styles/ravaio/theme/images/styles/ravaio/theme/images/styles/ravaio/theme/images/style/aaNBiA4.811.delaye]
[forum/ucp37cb.html]
[forum/ucp7816.html]
[forum/search1cbb.html]
[forum/faq1cbb.html]
[forum/viewforum904f.html]
[forum/search99de.html]
[forum/search4f11.html]
[forum/memberlist689c.html]
[forum/memberlistadf4.html]
[forum/memberlist1e61.html]
[forum/memberlista04b.html]
[forum/memberlistb70f.html]
[forum/memberlist56e1.html]
[forum/index1cbb.html]
[forum/ucp04e7.html]
[forum/ucp5b6f.html]
[forum/ucpab8b.html]
[forum/memberlistcb49.html]
[forum/ucpcfe0.html]
[forum/viewforum8032.html]
[forum/memberlist34bf.html]
[forum/memberlistb99a.html]
[forum/memberlist1b05.html]
[forum/memberlistea46.html]
[forum/memberlistbb78.html]
[forum/memberlistdadd.html]
[forum/ucp7c15.html]
[forum/app.php/styles/ravaio/theme/images/styles/ravaio/theme/images/styles/ravaio/theme/images/styles/ravaio/theme/images/styles/ravaio/theme/images/styles/ravaio/theme/images/styles/ravaio/t/aaNBiA4.8fb.delaye]
[forum/searchb75b.html]
[forum/faqb75b.html]
[forum/searchc5c5.html]
[forum/search125c.html]
[forum/indexb75b.html]
[forum/ucpc4c0.html]
[forum/ucpceaa.html]
[forum/ucp4b96.html]
[forum/memberlistaeb0.html]
[forum/app.php/styles/ravaio/theme/images/styles/ravaio/theme/images/styles/ravaio/theme/images/styles/ravaio/theme/images/styles/ravaio/theme/images/styles/ravaio/theme/images/styles/ravaio/t/aaNBiA4.85f.delaye]
[forum/ucp7cfb.html]
[forum/ucp97c0.html]
[forum/searchac23.html]
[forum/faqac23.html]
[forum/viewforumba3f.html]
[forum/search9893.html]
[forum/searchc41c.html]
[forum/memberlist9734.html]
[forum/memberlist6e35.html]
[forum/memberlist1edc.html]
[forum/memberlista4cc.html]
[forum/memberlistb5aa.html]
[forum/memberliste996.html]
[forum/indexac23.html]
[forum/ucpf623.html]
[forum/ucp3143.html]
[forum/ucpad42.html]
[forum/memberlistd63d.html]
[forum/ucp53a5.html]
[forum/viewforum69b0.html]
[forum/memberlist7ebd.html]
[forum/memberlist9308.html]
[forum/memberlist126a.html]
[forum/memberlist0280.html]
[forum/memberlistdfa9.html]
[forum/memberlist765f.html]
[forum/ucp4d56.html]
[forum/styles/ravaio/img/styles/ravaio/theme/images/styles/ravaio/theme/images/styles/ravaio/theme/images/styles/ravaio/theme/images/styles/ravaio/theme/images/styles/ravaio/theme/images/style/aaNBiA4.949.delaye]
[forum/searchb950.html]
[forum/faqb950.html]
[forum/search4407.html]
[forum/search7445.html]
[forum/indexb950.html]
[forum/ucp79bf.html]
[forum/ucpfa98.html]
[forum/ucpf61f.html]
[forum/memberlist3ad2.html]
[forum/styles/ravaio/img/styles/ravaio/theme/images/styles/ravaio/theme/images/styles/ravaio/theme/images/styles/ravaio/theme/images/styles/ravaio/theme/images/styles/ravaio/theme/images/style/aaNBiA4.8ad.delaye]
[forum/ucpd8ab.html]
[forum/ucp05c8.html]
[forum/search9faa.html]
[forum/faq9faa.html]
[forum/viewforum98a6.html]
[forum/search06a3.html]
[forum/searchdbad.html]
[forum/memberlistffa5.html]
[forum/memberlistd3a3.html]
[forum/memberlisteddd.html]
[forum/memberlist958d.html]
[forum/memberliste4a1.html]
[forum/memberlist24e6.html]
[forum/index9faa.html]
[forum/ucpfcc1.html]
[forum/ucp5a36.html]
[forum/ucpf40e.html]
[forum/memberlist531d.html]
[forum/ucp37cb.html]
[forum/viewforum904f.html]
[forum/memberlist689c.html]
[forum/memberlistadf4.html]
[forum/memberlist1e61.html]
[forum/memberlista04b.html]
[forum/memberlistb70f.html]
[forum/memberlist56e1.html]
[forum/ucpb317.html]
[forum/app.php/styles/ravaio/theme/images/styles/ravaio/theme/images/styles/ravaio/theme/images/styles/ravaio/theme/images/styles/ravaio/theme/images/styles/ravaio/theme/images/styles/ravaio/t/aaNBiA4.997.delaye]
[forum/search0c7d.html]
[forum/faq0c7d.html]
[forum/search186f.html]
[forum/search19ea.html]
[forum/index0c7d.html]
[forum/ucpe99d.html]
[forum/ucpef92.html]
[forum/ucp967a.html]
[forum/memberlist2dfe.html]
[forum/app.php/styles/ravaio/theme/images/styles/ravaio/theme/images/styles/ravaio/theme/images/styles/ravaio/theme/images/styles/ravaio/theme/images/styles/ravaio/theme/images/styles/ravaio/t/aaNBiA4.8fb.delaye]
[forum/ucpd64a.html]
[forum/ucp7c15.html]
[forum/searchb75b.html]
[forum/faqb75b.html]
[forum/viewforumffa7.html]
[forum/searchc5c5.html]
[forum/search125c.html]
[forum/memberlistf4fa.html]
[forum/memberlistfd83.html]
[forum/memberlist1b5c.html]
[forum/memberlistf0e3.html]
[forum/memberlistdec7.html]
[forum/memberlistb941.html]
[forum/indexb75b.html]
[forum/ucpc4c0.html]
[forum/ucpceaa.html]
[forum/ucp4b96.html]
[forum/memberlistaeb0.html]
[forum/ucp7cfb.html]
[forum/viewforumba3f.html]
[forum/memberlist9734.html]
[forum/memberlist6e35.html]
[forum/memberlist1edc.html]
[forum/memberlista4cc.html]
[forum/memberlistb5aa.html]
[forum/memberliste996.html]
[forum/ucp3f7b.html]
[forum/styles/ravaio/img/styles/ravaio/theme/images/styles/ravaio/theme/images/styles/ravaio/theme/images/styles/ravaio/theme/images/styles/ravaio/theme/images/styles/ravaio/theme/images/style/aaNBiA4.9e5.delaye]
[forum/search5b2f.html]
[forum/faq5b2f.html]
[forum/searchb165.html]
[forum/search4a08.html]
[forum/index5b2f.html]
[forum/ucp7bc0.html]
[forum/ucp28c2.html]
[forum/ucp62e8.html]
[forum/memberlist5f37.html]
[forum/styles/ravaio/img/styles/ravaio/theme/images/styles/ravaio/theme/images/styles/ravaio/theme/images/styles/ravaio/theme/images/styles/ravaio/theme/images/styles/ravaio/theme/images/style/aaNBiA4.949.delaye]
[forum/ucp46d6.html]
[forum/ucp4d56.html]
[forum/searchb950.html]
[forum/faqb950.html]
[forum/viewforum6dc0.html]
[forum/search4407.html]
[forum/search7445.html]
[forum/memberlist9dce.html]
[forum/memberlist0094.html]
[forum/memberlist70e5.html]
[forum/memberlist6252.html]
[forum/memberlist6477.html]
[forum/memberlista057.html]
[forum/indexb950.html]
[forum/ucp79bf.html]
[forum/ucpfa98.html]
[forum/ucpf61f.html]
[forum/memberlist3ad2.html]
[forum/ucpd8ab.html]
[forum/viewforum98a6.html]
[forum/memberlistffa5.html]
[forum/memberlistd3a3.html]
[forum/memberlisteddd.html]
[forum/memberlist958d.html]
[forum/memberliste4a1.html]
[forum/memberlist24e6.html]
[forum/ucp1edc.html]
[forum/app.php/styles/ravaio/theme/images/styles/ravaio/theme/images/styles/ravaio/theme/images/styles/ravaio/theme/images/styles/ravaio/theme/images/styles/ravaio/theme/images/styles/ravaio/t/aaNBiA4.a33.delaye]
[forum/searche68f.html]
[forum/faqe68f.html]
[forum/searcha00e.html]
[forum/search847c.html]
[forum/indexe68f.html]
[forum/ucp0529.html]
[forum/ucp8b9a.html]
[forum/ucpeb0e.html]
[forum/memberlist08c5.html]
[forum/app.php/styles/ravaio/theme/images/styles/ravaio/theme/images/styles/ravaio/theme/images/styles/ravaio/theme/images/styles/ravaio/theme/images/styles/ravaio/theme/images/styles/ravaio/t/aaNBiA4.997.delaye]
[forum/ucp199e.html]
[forum/ucpb317.html]
[forum/search0c7d.html]
[forum/faq0c7d.html]
[forum/viewforum7f8e.html]
[forum/search186f.html]
[forum/search19ea.html]
[forum/memberlistba34.html]
[forum/memberlist38fd.html]
[forum/memberlist9fe2.html]
[forum/memberlistbc13.html]
[forum/memberlist8399.html]
[forum/memberlist320c.html]
[forum/index0c7d.html]
[forum/ucpe99d.html]
[forum/ucpef92.html]
[forum/ucp967a.html]
[forum/memberlist2dfe.html]
[forum/ucpd64a.html]
[forum/viewforumffa7.html]
[forum/memberlistf4fa.html]
[forum/memberlistfd83.html]
[forum/memberlist1b5c.html]
[forum/memberlistf0e3.html]
[forum/memberlistdec7.html]
[forum/memberlistb941.html]
[forum/ucpb474.html]
[forum/styles/ravaio/img/styles/ravaio/theme/images/styles/ravaio/theme/images/styles/ravaio/theme/images/styles/ravaio/theme/images/styles/ravaio/theme/images/styles/ravaio/theme/images/style/aaNBiA4.a81.delaye]
[forum/search618c.html]
[forum/searche985.html]
[forum/index3206.html]
[forum/ucp5019.html]
[forum/ucpb383.html]
[forum/ucp03e0.html]
[forum/memberlistce3d.html]
[forum/styles/ravaio/img/styles/ravaio/theme/images/styles/ravaio/theme/images/styles/ravaio/theme/images/styles/ravaio/theme/images/styles/ravaio/theme/images/styles/ravaio/theme/images/style/aaNBiA4.9e5.delaye]
[forum/ucp0cfa.html]
[forum/ucp3f7b.html]
[forum/search5b2f.html]
[forum/faq5b2f.html]
[forum/viewforum179d.html]
[forum/searchb165.html]
[forum/search4a08.html]
[forum/memberlist804f.html]
[forum/memberlist438c.html]
[forum/memberlist724c.html]
[forum/memberlistde03.html]
[forum/memberlist5b55.html]
[forum/memberlist149a.html]
[forum/index5b2f.html]
[forum/ucp7bc0.html]
[forum/ucp28c2.html]
[forum/ucp62e8.html]
[forum/memberlist5f37.html]
[forum/ucp46d6.html]
[forum/viewforum6dc0.html]
[forum/memberlist9dce.html]
[forum/memberlist0094.html]
[forum/memberlist70e5.html]
[forum/memberlist6252.html]
[forum/memberlist6477.html]
[forum/memberlista057.html]
[forum/ucpe789.html]
[forum/search2f38.html]
[forum/app.php/styles/ravaio/theme/images/styles/ravaio/theme/images/styles/ravaio/theme/images/styles/ravaio/theme/images/styles/ravaio/theme/images/styles/ravaio/theme/images/styles/ravaio/t/aaNBiA4.acf.delaye]
[forum/faq2f38.html]
[forum/search3f3c.html]
[forum/search42b0.html]
[forum/index2f38.html]
[forum/ucp8069.html]
[forum/ucp2c7f.html]
[forum/ucp1c2d.html]
[forum/memberlistf51a.html]
[forum/app.php/styles/ravaio/theme/images/styles/ravaio/theme/images/styles/ravaio/theme/images/styles/ravaio/theme/images/styles/ravaio/theme/images/styles/ravaio/theme/images/styles/ravaio/t/aaNBiA4.a33.delaye]
[forum/ucp5171.html]
[forum/ucp1edc.html]
[forum/searche68f.html]
[forum/faqe68f.html]
[forum/viewforumc7b2.html]
[forum/searcha00e.html]
[forum/search847c.html]
[forum/memberlistf0c2.html]
[forum/memberlistd820.html]
[forum/memberlist4e98.html]
[forum/memberlistb694.html]
[forum/memberliste08b.html]
[forum/memberlistfd3c.html]
[forum/indexe68f.html]
[forum/ucp0529.html]
[forum/ucp8b9a.html]
[forum/ucpeb0e.html]
[forum/memberlist08c5.html]
[forum/ucp199e.html]
[forum/viewforum7f8e.html]
[forum/memberlistba34.html]
[forum/memberlist38fd.html]
[forum/memberlist9fe2.html]
[forum/memberlistbc13.html]
[forum/memberlist8399.html]
[forum/memberlist320c.html]
[forum/ucpf29d.html]
[forum/styles/ravaio/img/styles/ravaio/theme/images/styles/ravaio/theme/images/styles/ravaio/theme/images/styles/ravaio/theme/images/styles/ravaio/theme/images/styles/ravaio/theme/images/style/aaNBiA4.b1d.delaye]
[forum/search2d3a.html]
[forum/faq2d3a.html]
[forum/search2fb8.html]
[forum/search6662.html]
[forum/index2d3a.html]
[forum/ucpc4a4.html]
[forum/ucp0bc0.html]
[forum/ucp260b.html]
[forum/memberlistec64.html]
[forum/styles/ravaio/img/styles/ravaio/theme/images/styles/ravaio/theme/images/styles/ravaio/theme/images/styles/ravaio/theme/images/styles/ravaio/theme/images/styles/ravaio/theme/images/style/aaNBiA4.a81.delaye]
[forum/ucp3dcf.html]
[forum/ucpb474.html]
[forum/faq3206.php]
[forum/search3206.php]
[forum/viewforumdc10.html]
[forum/search618c.html]
[forum/searche985.html]
[forum/memberlist66f9.html]
[forum/memberlist3f51.html]
[forum/memberlistfc3e.html]
[forum/memberlist8d1c.html]
[forum/memberlist677b.html]
[forum/memberlist6c42.html]
[forum/index3206.html]
[forum/ucp5019.html]
[forum/ucpb383.html]
[forum/ucp03e0.html]
[forum/memberlistce3d.html]
[forum/ucp0cfa.html]
[forum/viewforum179d.html]
[forum/memberlist804f.html]
[forum/memberlist438c.html]
[forum/memberlist724c.html]
[forum/memberlistde03.html]
[forum/memberlist5b55.html]
[forum/memberlist149a.html]
[forum/ucpd664.html]
[forum/app.php/styles/ravaio/theme/images/styles/ravaio/theme/images/styles/ravaio/theme/images/styles/ravaio/theme/images/styles/ravaio/theme/images/styles/ravaio/theme/images/styles/ravaio/t/aaNBiA4.b65.delaye]
[forum/searchfc40.html]
[forum/faqfc40.html]
[forum/searchd9b1.html]
[forum/search1389.html]
[forum/indexfc40.html]
[forum/ucp878c.html]
[forum/ucp6a13.html]
[forum/ucpa0cf.html]
[forum/memberlist91ba.html]
[forum/app.php/styles/ravaio/theme/images/styles/ravaio/theme/images/styles/ravaio/theme/images/styles/ravaio/theme/images/styles/ravaio/theme/images/styles/ravaio/theme/images/styles/ravaio/t/aaNBiA4.acf.delaye]
[forum/ucp1ed6.html]
[forum/ucpe789.html]
[forum/search2f38.html]
[forum/faq2f38.html]
[forum/viewforum0e17.html]
[forum/search3f3c.html]
[forum/search42b0.html]
[forum/memberlist80e5.html]
[forum/memberlist44a7.html]
[forum/memberlistc8e2.html]
[forum/memberlist42f1.html]
[forum/memberlistd85f.html]
[forum/memberlist05ed.html]
[forum/index2f38.html]
[forum/ucp8069.html]
[forum/ucp2c7f.html]
[forum/ucp1c2d.html]
[forum/memberlistf51a.html]
[forum/ucp5171.html]
[forum/viewforumc7b2.html]
[forum/memberlistf0c2.html]
[forum/memberlistd820.html]
[forum/memberlist4e98.html]
[forum/memberlistb694.html]
[forum/memberliste08b.html]
[forum/memberlistfd3c.html]
[forum/ucp58d4.html]
[forum/styles/ravaio/img/styles/ravaio/theme/images/styles/ravaio/theme/images/styles/ravaio/theme/images/styles/ravaio/theme/images/styles/ravaio/theme/images/styles/ravaio/theme/images/style/aaNBiA4.bb3.delaye]
[forum/search6f81.html]
[forum/faq6f81.html]
[forum/search2939.html]
[forum/search3593.html]
[forum/index6f81.html]
[forum/ucp30ac-2.html]
[forum/ucp10ed.html]
[forum/ucp0f30.html]
[forum/memberlistbdd1.html]
[forum/styles/ravaio/img/styles/ravaio/theme/images/styles/ravaio/theme/images/styles/ravaio/theme/images/styles/ravaio/theme/images/styles/ravaio/theme/images/styles/ravaio/theme/images/style/aaNBiA4.b1d.delaye]
[forum/ucp0add.html]
[forum/ucpf29d.html]
[forum/search2d3a.html]
[forum/faq2d3a.html]
[forum/viewforum928a.html]
[forum/search2fb8.html]
[forum/search6662.html]
[forum/memberlist7909.html]
[forum/memberlist47af.html]
[forum/memberlista714.html]
[forum/memberlist0ee8.html]
[forum/memberlistc2cb.html]
[forum/memberlist74bf.html]
[forum/index2d3a.html]
[forum/ucpc4a4.html]
[forum/ucp0bc0.html]
[forum/ucp260b.html]
[forum/memberlistec64.html]
[forum/ucp3dcf.html]
[forum/search3206.php]
[forum/faq3206.php]
[forum/viewforumdc10.html]
[forum/memberlist66f9.html]
[forum/memberlist3f51.html]
[forum/memberlistfc3e.html]
[forum/memberlist8d1c.html]
[forum/memberlist677b.html]
[forum/memberlist6c42.html]
[forum/ucp5a0e.html]
[forum/app.php/styles/ravaio/theme/images/styles/ravaio/theme/images/styles/ravaio/theme/images/styles/ravaio/theme/images/styles/ravaio/theme/images/styles/ravaio/theme/images/styles/ravaio/t/aaNBiA4.c07.delaye]
[forum/searchd268.html]
[forum/faqd268.html]
[forum/search79de.html]
[forum/searche323.html]
[forum/indexd268.html]
[forum/ucp22f0.html]
[forum/ucp5710.html]
[forum/ucp1922.html]
[forum/memberlist9910.html]
[forum/app.php/styles/ravaio/theme/images/styles/ravaio/theme/images/styles/ravaio/theme/images/styles/ravaio/theme/images/styles/ravaio/theme/images/styles/ravaio/theme/images/styles/ravaio/t/aaNBiA4.b65.delaye]
[forum/ucpcdb1.html]
[forum/ucpd664.html]
[forum/searchfc40.html]
[forum/faqfc40.html]
[forum/viewforumcb3b.html]
[forum/searchd9b1.html]
[forum/search1389.html]
[forum/memberlist0aaa.html]
[forum/memberlistef05.html]
[forum/memberlist3e47.html]
[forum/memberlistb669.html]
[forum/memberlist775f.html]
[forum/memberlist138d.html]
[forum/indexfc40.html]
[forum/ucp878c.html]
[forum/ucp6a13.html]
[forum/ucpa0cf.html]
[forum/memberlist91ba.html]
[forum/ucp1ed6.html]
[forum/viewforum0e17.html]
[forum/memberlist80e5.html]
[forum/memberlist44a7.html]
[forum/memberlistc8e2.html]
[forum/memberlist42f1.html]
[forum/memberlistd85f.html]
[forum/memberlist05ed.html]
[forum/ucp9add.html]
[forum/styles/ravaio/img/styles/ravaio/theme/images/styles/ravaio/theme/images/styles/ravaio/theme/images/styles/ravaio/theme/images/styles/ravaio/theme/images/styles/ravaio/theme/images/style/aaNBiA4.c55.delaye]
[forum/search3046.html]
[forum/faq3046.html]
[forum/search1c80.html]
[forum/searchd878.html]
[forum/index3046.html]
[forum/ucp3315.html]
[forum/ucp442a.html]
[forum/ucp340c.html]
[forum/memberlist6021.html]
[forum/styles/ravaio/img/styles/ravaio/theme/images/styles/ravaio/theme/images/styles/ravaio/theme/images/styles/ravaio/theme/images/styles/ravaio/theme/images/styles/ravaio/theme/images/style/aaNBiA4.bb3.delaye]
[forum/ucpc75a.html]
[forum/ucp58d4.html]
[forum/search6f81.html]
[forum/faq6f81.html]
[forum/viewforum3155.html]
[forum/search2939.html]
[forum/search3593.html]
[forum/memberlistb091.html]
[forum/memberlist7ab7.html]
[forum/memberlist1b2e.html]
[forum/memberlist1420.html]
[forum/memberlist632d.html]
[forum/memberlist1259.html]
[forum/index6f81.html]
[forum/ucp30ac-2.html]
[forum/ucp10ed.html]
[forum/ucp0f30.html]
[forum/memberlistbdd1.html]
[forum/ucp0add.html]
[forum/viewforum928a.html]
[forum/memberlist7909.html]
[forum/memberlist47af.html]
[forum/memberlista714.html]
[forum/memberlist0ee8.html]
[forum/memberlistc2cb.html]
[forum/memberlist74bf.html]
[forum/ucpa5ea.html]
[forum/app.php/styles/ravaio/theme/images/styles/ravaio/theme/images/styles/ravaio/theme/images/styles/ravaio/theme/images/styles/ravaio/theme/images/styles/ravaio/theme/images/styles/ravaio/t/aaNBiA4.ca3.delaye]
[forum/search3a82.html]
[forum/faq3a82.html]
[forum/search8ca7.html]
[forum/search1e9c.html]
[forum/index3a82.html]
[forum/ucpd843.html]
[forum/ucp6ffc.html]
[forum/ucp53b5.html]
[forum/memberlist1c4f.html]
[forum/app.php/styles/ravaio/theme/images/styles/ravaio/theme/images/styles/ravaio/theme/images/styles/ravaio/theme/images/styles/ravaio/theme/images/styles/ravaio/theme/images/styles/ravaio/t/aaNBiA4.c07.delaye]
[forum/ucp92b4.html]
[forum/ucp5a0e.html]
[forum/searchd268.html]
[forum/faqd268.html]
[forum/viewforumda08.html]
[forum/search79de.html]
[forum/searche323.html]
[forum/memberlist9885.html]
[forum/memberlist85ba.html]
[forum/memberlistc142.html]
[forum/memberlist1f06.html]
[forum/memberlistda30.html]
[forum/memberlist8bcc.html]
[forum/indexd268.html]
[forum/ucp22f0.html]
[forum/ucp5710.html]
[forum/ucp1922.html]
[forum/memberlist9910.html]
[forum/ucpcdb1.html]
[forum/viewforumcb3b.html]
[forum/memberlist0aaa.html]
[forum/memberlistef05.html]
[forum/memberlist3e47.html]
[forum/memberlistb669.html]
[forum/memberlist775f.html]
[forum/memberlist138d.html]
[forum/ucpcc02.html]
[forum/styles/ravaio/img/styles/ravaio/theme/images/styles/ravaio/theme/images/styles/ravaio/theme/images/styles/ravaio/theme/images/styles/ravaio/theme/images/styles/ravaio/theme/images/style/aaNBiA4.cf1.delaye]
[forum/searchc53a.html]
[forum/faqc53a.html]
[forum/search1268.html]
[forum/search5f1a.html]
[forum/indexc53a.html]
[forum/ucp14d6.html]
[forum/ucpa549.html]
[forum/ucpafb0.html]
[forum/memberlistb407.html]
[forum/styles/ravaio/img/styles/ravaio/theme/images/styles/ravaio/theme/images/styles/ravaio/theme/images/styles/ravaio/theme/images/styles/ravaio/theme/images/styles/ravaio/theme/images/style/aaNBiA4.c55.delaye]
[forum/ucp0e22.html]
[forum/ucp9add.html]
[forum/search3046.html]
[forum/faq3046.html]
[forum/viewforum89c0.html]
[forum/search1c80.html]
[forum/searchd878.html]
[forum/memberlista709.html]
[forum/memberlist20d3.html]
[forum/memberlist80c2.html]
[forum/memberlistda90.html]
[forum/memberlista5a8.html]
[forum/memberlist87fe.html]
[forum/index3046.html]
[forum/ucp3315.html]
[forum/ucp442a.html]
[forum/ucp340c.html]
[forum/memberlist6021.html]
[forum/ucpc75a.html]
[forum/viewforum3155.html]
[forum/memberlistb091.html]
[forum/memberlist7ab7.html]
[forum/memberlist1b2e.html]
[forum/memberlist1420.html]
[forum/memberlist632d.html]
[forum/memberlist1259.html]
[forum/ucpd89b.html]
[forum/search55ef.html]
[forum/app.php/styles/ravaio/theme/images/styles/ravaio/theme/images/styles/ravaio/theme/images/styles/ravaio/theme/images/styles/ravaio/theme/images/styles/ravaio/theme/images/styles/ravaio/t/aaNBiA4.d3f.delaye]
[forum/faq55ef.html]
[forum/searchef1e.html]
[forum/search017c.html]
[forum/index55ef.html]
[forum/ucp61bb.html]
[forum/ucpb04d.html]
[forum/ucpb6fd.html]
[forum/memberlist24b9.html]
[forum/app.php/styles/ravaio/theme/images/styles/ravaio/theme/images/styles/ravaio/theme/images/styles/ravaio/theme/images/styles/ravaio/theme/images/styles/ravaio/theme/images/styles/ravaio/t/aaNBiA4.ca3.delaye]
[forum/ucp9978.html]
[forum/ucpa5ea.html]
[forum/search3a82.html]
[forum/faq3a82.html]
[forum/viewforum0005.html]
[forum/search8ca7.html]
[forum/search1e9c.html]
[forum/memberlist6427.html]
[forum/memberlistbc42.html]
[forum/memberlistd130.html]
[forum/memberlist8ee8.html]
[forum/memberlistbe7f.html]
[forum/memberlist818e.html]
[forum/index3a82.html]
[forum/ucpd843.html]
[forum/ucp6ffc.html]
[forum/ucp53b5.html]
[forum/memberlist1c4f.html]
[forum/ucp92b4.html]
[forum/viewforumda08.html]
[forum/memberlist9885.html]
[forum/memberlist85ba.html]
[forum/memberlistc142.html]
[forum/memberlist1f06.html]
[forum/memberlistda30.html]
[forum/memberlist8bcc.html]
[forum/ucp30eb.html]
[forum/styles/ravaio/img/styles/ravaio/theme/images/styles/ravaio/theme/images/styles/ravaio/theme/images/styles/ravaio/theme/images/styles/ravaio/theme/images/styles/ravaio/theme/images/style/aaNBiA4.d8d.delaye]
[forum/searcha4ae.html]
[forum/faqa4ae.html]
[forum/search392f.html]
[forum/search01e0.html]
[forum/indexa4ae.html]
[forum/ucp8a82.html]
[forum/ucpd7f7.html]
[forum/ucpdf11.html]
[forum/memberlist90bd.html]
[forum/styles/ravaio/img/styles/ravaio/theme/images/styles/ravaio/theme/images/styles/ravaio/theme/images/styles/ravaio/theme/images/styles/ravaio/theme/images/styles/ravaio/theme/images/style/aaNBiA4.cf1.delaye]
[forum/ucp54a7.html]
[forum/ucpcc02.html]
[forum/searchc53a.html]
[forum/faqc53a.html]
[forum/viewforume415.html]
[forum/search1268.html]
[forum/search5f1a.html]
[forum/memberlistf51d.html]
[forum/memberlist4e08.html]
[forum/memberlist416b.html]
[forum/memberlisteef0.html]
[forum/memberlist24bb.html]
[forum/memberlist53d1.html]
[forum/indexc53a.html]
[forum/ucp14d6.html]
[forum/ucpa549.html]
[forum/ucpafb0.html]
[forum/memberlistb407.html]
[forum/ucp0e22.html]
[forum/viewforum89c0.html]
[forum/memberlista709.html]
[forum/memberlist20d3.html]
[forum/memberlist80c2.html]
[forum/memberlistda90.html]
[forum/memberlista5a8.html]
[forum/memberlist87fe.html]
[forum/ucpedf7.html]
[forum/app.php/styles/ravaio/theme/images/styles/ravaio/theme/images/styles/ravaio/theme/images/styles/ravaio/theme/images/styles/ravaio/theme/images/styles/ravaio/theme/images/styles/ravaio/t/aaNBiA4.ddb.delaye]
[forum/searchd1e0.html]
[forum/faqd1e0.html]
[forum/search955a.html]
[forum/search30a2.html]
[forum/indexd1e0.html]
[forum/ucpe5ef.html]
[forum/ucp431b.html]
[forum/ucpadef.html]
[forum/memberlist01ce.html]
[forum/app.php/styles/ravaio/theme/images/styles/ravaio/theme/images/styles/ravaio/theme/images/styles/ravaio/theme/images/styles/ravaio/theme/images/styles/ravaio/theme/images/styles/ravaio/t/aaNBiA4.d3f.delaye]
[forum/ucp5756.html]
[forum/ucpd89b.html]
[forum/search55ef.html]
[forum/faq55ef.html]
[forum/viewforum9bf9.html]
[forum/searchef1e.html]
[forum/search017c.html]
[forum/memberlist260a.html]
[forum/memberlist69af.html]
[forum/memberlistc13f.html]
[forum/memberlist5e8a.html]
[forum/memberlist5a7d.html]
[forum/memberlist73fb.html]
[forum/index55ef.html]
[forum/ucp61bb.html]
[forum/ucpb04d.html]
[forum/ucpb6fd.html]
[forum/memberlist24b9.html]
[forum/ucp9978.html]
[forum/viewforum0005.html]
[forum/memberlist6427.html]
[forum/memberlistbc42.html]
[forum/memberlistd130.html]
[forum/memberlist8ee8.html]
[forum/memberlistbe7f.html]
[forum/memberlist818e.html]
[forum/ucp8523.html]
[forum/styles/ravaio/img/styles/ravaio/theme/images/styles/ravaio/theme/images/styles/ravaio/theme/images/styles/ravaio/theme/images/styles/ravaio/theme/images/styles/ravaio/theme/images/style/aaNBiA4.e29.delaye]
[forum/search5d11.html]
[forum/faq5d11.html]
[forum/search6fac.html]
[forum/search8c06.html]
[forum/index5d11.html]
[forum/ucp9d23.html]
[forum/ucp38bc.html]
[forum/ucpd0a4.html]
[forum/memberlistd58d.html]
[forum/styles/ravaio/img/styles/ravaio/theme/images/styles/ravaio/theme/images/styles/ravaio/theme/images/styles/ravaio/theme/images/styles/ravaio/theme/images/styles/ravaio/theme/images/style/aaNBiA4.d8d.delaye]
[forum/ucp6c5d.html]
[forum/ucp30eb.html]
[forum/searcha4ae.html]
[forum/faqa4ae.html]
[forum/viewforum9463.html]
[forum/search392f.html]
[forum/search01e0.html]
[forum/memberlista056.html]
[forum/memberlistee83.html]
[forum/memberlist2d27.html]
[forum/memberlist4c97.html]
[forum/memberlistd8ef.html]
[forum/memberlist3339.html]
[forum/indexa4ae.html]
[forum/ucp8a82.html]
[forum/ucpd7f7.html]
[forum/ucpdf11.html]
[forum/memberlist90bd.html]
[forum/ucp54a7.html]
[forum/viewforume415.html]
[forum/memberlistf51d.html]
[forum/memberlist4e08.html]
[forum/memberlist416b.html]
[forum/memberlisteef0.html]
[forum/memberlist24bb.html]
[forum/memberlist53d1.html]
[forum/ucp26c7.html]
[forum/app.php/styles/ravaio/theme/images/styles/ravaio/theme/images/styles/ravaio/theme/images/styles/ravaio/theme/images/styles/ravaio/theme/images/styles/ravaio/theme/images/styles/ravaio/t/aaNBiA4.e77.delaye]
[forum/searchcca1.html]
[forum/faqcca1.html]
[forum/search4747.html]
[forum/search0ce6.html]
[forum/indexcca1.html]
[forum/ucpa272.html]
[forum/ucp6d43.html]
[forum/ucp668f.html]
[forum/memberlist655a.html]
[forum/app.php/styles/ravaio/theme/images/styles/ravaio/theme/images/styles/ravaio/theme/images/styles/ravaio/theme/images/styles/ravaio/theme/images/styles/ravaio/theme/images/styles/ravaio/t/aaNBiA4.ddb.delaye]
[forum/ucp5bfc.html]
[forum/ucpedf7.html]
[forum/searchd1e0.html]
[forum/faqd1e0.html]
[forum/viewforum8267.html]
[forum/search955a.html]
[forum/search30a2.html]
[forum/memberlist7eab.html]
[forum/memberlist187e.html]
[forum/memberlist6553.html]
[forum/memberlistf0f5.html]
[forum/memberlist94af.html]
[forum/memberlist3911.html]
[forum/indexd1e0.html]
[forum/ucpe5ef.html]
[forum/ucp431b.html]
[forum/ucpadef.html]
[forum/memberlist01ce.html]
[forum/ucp5756.html]
[forum/viewforum9bf9.html]
[forum/memberlist260a.html]
[forum/memberlist69af.html]
[forum/memberlistc13f.html]
[forum/memberlist5e8a.html]
[forum/memberlist5a7d.html]
[forum/memberlist73fb.html]
[forum/ucpf636.html]
[forum/styles/ravaio/img/styles/ravaio/theme/images/styles/ravaio/theme/images/styles/ravaio/theme/images/styles/ravaio/theme/images/styles/ravaio/theme/images/styles/ravaio/theme/images/style/aaNBiA4.ec5.delaye]
[forum/search2430.html]
[forum/faq2430.html]
[forum/searchf30b.html]
[forum/search32b1.html]
[forum/index2430.html]
[forum/ucp5233.html]
[forum/ucpbf4d.html]
[forum/ucpabb7.html]
[forum/memberlist6a89.html]
[forum/styles/ravaio/img/styles/ravaio/theme/images/styles/ravaio/theme/images/styles/ravaio/theme/images/styles/ravaio/theme/images/styles/ravaio/theme/images/styles/ravaio/theme/images/style/aaNBiA4.e29.delaye]
[forum/ucp2d6e.html]
[forum/ucp8523.html]
[forum/search5d11.html]
[forum/faq5d11.html]
[forum/viewforumf115.html]
[forum/search6fac.html]
[forum/search8c06.html]
[forum/memberlist7092.html]
[forum/memberlist8cb2.html]
[forum/memberlist2acf.html]
[forum/memberlist5e9a.html]
[forum/memberlistd10b-2.html]
[forum/memberlist4c63.html]
[forum/index5d11.html]
[forum/ucp9d23.html]
[forum/ucp38bc.html]
[forum/ucpd0a4.html]
[forum/memberlistd58d.html]
[forum/ucp6c5d.html]
[forum/viewforum9463.html]
[forum/memberlista056.html]
[forum/memberlistee83.html]
[forum/memberlist2d27.html]
[forum/memberlist4c97.html]
[forum/memberlistd8ef.html]
[forum/memberlist3339.html]
[forum/ucpe335.html]
[forum/app.php/styles/ravaio/theme/images/styles/ravaio/theme/images/styles/ravaio/theme/images/styles/ravaio/theme/images/styles/ravaio/theme/images/styles/ravaio/theme/images/styles/ravaio/t/aaNBiA4.f13.delaye]
[forum/search51e2.html]
[forum/faq51e2.html]
[forum/searchac8f.html]
[forum/search41a1.html]
[forum/index51e2.html]
[forum/ucp7097.html]
[forum/ucpd395.html]
[forum/ucp7b03.html]
[forum/memberlist2d00.html]
[forum/app.php/styles/ravaio/theme/images/styles/ravaio/theme/images/styles/ravaio/theme/images/styles/ravaio/theme/images/styles/ravaio/theme/images/styles/ravaio/theme/images/styles/ravaio/t/aaNBiA4.e77.delaye]
[forum/ucp485e.html]
[forum/ucp26c7.html]
[forum/searchcca1.html]
[forum/faqcca1.html]
[forum/viewforumf008.html]
[forum/search4747.html]
[forum/search0ce6.html]
[forum/memberlistf1e0.html]
[forum/memberlist4125.html]
[forum/memberlistbb63.html]
[forum/memberlist2fca.html]
[forum/memberlistde75.html]
[forum/memberlistb1a9.html]
[forum/indexcca1.html]
[forum/ucpa272.html]
[forum/ucp6d43.html]
[forum/ucp668f.html]
[forum/memberlist655a.html]
[forum/ucp5bfc.html]
[forum/viewforum8267.html]
[forum/memberlist7eab.html]
[forum/memberlist187e.html]
[forum/memberlist6553.html]
[forum/memberlistf0f5.html]
[forum/memberlist94af.html]
[forum/memberlist3911.html]
[forum/ucp207b.html]
[forum/styles/ravaio/img/styles/ravaio/theme/images/styles/ravaio/theme/images/styles/ravaio/theme/images/styles/ravaio/theme/images/styles/ravaio/theme/images/styles/ravaio/theme/images/style/aaNBiA4.f61.delaye]
[forum/searchab7f.html]
[forum/faqab7f.html]
[forum/search45c4.html]
[forum/searchddcf.html]
[forum/indexab7f.html]
[forum/ucp2918.html]
[forum/ucp1f4d.html]
[forum/ucpf858.html]
[forum/memberlistab99.html]
[forum/styles/ravaio/img/styles/ravaio/theme/images/styles/ravaio/theme/images/styles/ravaio/theme/images/styles/ravaio/theme/images/styles/ravaio/theme/images/styles/ravaio/theme/images/style/aaNBiA4.ec5.delaye]
[forum/ucp60de.html]
[forum/ucpf636.html]
[forum/search2430.html]
[forum/faq2430.html]
[forum/viewforum13b3.html]
[forum/searchf30b.html]
[forum/search32b1.html]
[forum/memberlist63d1.html]
[forum/memberlist8ae6.html]
[forum/memberlist23a3.html]
[forum/memberlistbd79.html]
[forum/memberlist29e9.html]
[forum/memberlistd048.html]
[forum/index2430.html]
[forum/ucp5233.html]
[forum/ucpbf4d.html]
[forum/ucpabb7.html]
[forum/memberlist6a89.html]
[forum/ucp2d6e.html]
[forum/viewforumf115.html]
[forum/memberlist7092.html]
[forum/memberlist8cb2.html]
[forum/memberlist2acf.html]
[forum/memberlist5e9a.html]
[forum/memberlistd10b-2.html]
[forum/memberlist4c63.html]
[forum/ucp7abb.html]
[forum/searchc49f.html]
[forum/app.php/styles/ravaio/theme/images/styles/ravaio/theme/images/styles/ravaio/theme/images/styles/ravaio/theme/images/styles/ravaio/theme/images/styles/ravaio/theme/images/styles/ravaio/t/aaNBiA4.faf.delaye]
[forum/faqc49f.html]
[forum/searchb9e3.html]
[forum/search4a05.html]
[forum/indexc49f.html]
[forum/ucp4948.html]
[forum/ucp9e2c.html]
[forum/ucpee71.html]
[forum/memberlist1a00.html]
[forum/app.php/styles/ravaio/theme/images/styles/ravaio/theme/images/styles/ravaio/theme/images/styles/ravaio/theme/images/styles/ravaio/theme/images/styles/ravaio/theme/images/styles/ravaio/t/aaNBiA4.f13.delaye]
[forum/ucpc4a6.html]
[forum/ucpe335.html]
[forum/search51e2.html]
[forum/faq51e2.html]
[forum/viewforum9fc6.html]
[forum/searchac8f.html]
[forum/search41a1.html]
[forum/memberlistb42d.html]
[forum/memberlist3fc6.html]
[forum/memberlist6b4f.html]
[forum/memberlist9691.html]
[forum/memberlistdbd6.html]
[forum/memberlist32f3.html]
[forum/index51e2.html]
[forum/ucp7097.html]
[forum/ucpd395.html]
[forum/ucp7b03.html]
[forum/memberlist2d00.html]
[forum/ucp485e.html]
[forum/viewforumf008.html]
[forum/memberlistf1e0.html]
[forum/memberlist4125.html]
[forum/memberlistbb63.html]
[forum/memberlist2fca.html]
[forum/memberlistde75.html]
[forum/memberlistb1a9.html]
[forum/ucp8c20.html]
[forum/search73bd.html]
[forum/styles/ravaio/img/styles/ravaio/theme/images/styles/ravaio/theme/images/styles/ravaio/theme/images/styles/ravaio/theme/images/styles/ravaio/theme/images/styles/ravaio/theme/images/style/aaNBiA4.ffd.delaye]
[forum/faq73bd.html]
[forum/search9c85.html]
[forum/search25f6.html]
[forum/index73bd.html]
[forum/ucpc705.html]
[forum/ucpe683.html]
[forum/ucp9c05.html]
[forum/memberlist2894.html]
[forum/styles/ravaio/img/styles/ravaio/theme/images/styles/ravaio/theme/images/styles/ravaio/theme/images/styles/ravaio/theme/images/styles/ravaio/theme/images/styles/ravaio/theme/images/style/aaNBiA4.f61.delaye]
[forum/ucp3a87.html]
[forum/ucp207b.html]
[forum/searchab7f.html]
[forum/faqab7f.html]
[forum/viewforum5f28.html]
[forum/search45c4.html]
[forum/searchddcf.html]
[forum/memberlistce48.html]
[forum/memberlist3219.html]
[forum/memberlist0a06.html]
[forum/memberlist3a38.html]
[forum/memberlist266e.html]
[forum/memberlist1e4e.html]
[forum/indexab7f.html]
[forum/ucp2918.html]
[forum/ucp1f4d.html]
[forum/ucpf858.html]
[forum/memberlistab99.html]
[forum/ucp60de.html]
[forum/viewforum13b3.html]
[forum/memberlist63d1.html]
[forum/memberlist8ae6.html]
[forum/memberlist23a3.html]
[forum/memberlistbd79.html]
[forum/memberlist29e9.html]
[forum/memberlistd048.html]
[forum/ucp24a1.html]
[forum/app.php/styles/ravaio/theme/images/styles/ravaio/theme/images/styles/ravaio/theme/images/styles/ravaio/theme/images/styles/ravaio/theme/images/styles/ravaio/theme/images/styles/ravaio//aaNBiA4.104b.delaye]
[forum/search6864.html]
[forum/faq6864.html]
[forum/search6c23.html]
[forum/search3c9e.html]
[forum/index6864.html]
[forum/ucpffb1.html]
[forum/ucpeb02.html]
[forum/ucpdfd9.html]
[forum/memberlistf90a.html]
[forum/app.php/styles/ravaio/theme/images/styles/ravaio/theme/images/styles/ravaio/theme/images/styles/ravaio/theme/images/styles/ravaio/theme/images/styles/ravaio/theme/images/styles/ravaio/t/aaNBiA4.faf.delaye]
[forum/ucp7d70.html]
[forum/ucp7abb.html]
[forum/searchc49f.html]
[forum/faqc49f.html]
[forum/viewforum571d.html]
[forum/cron6def.gif]
[forum/searchb9e3.html]
[forum/search4a05.html]
[forum/memberlistf2d2.html]
[forum/memberliste7bc.html]
[forum/memberlist9ee4.html]
[forum/memberlist1a2e.html]
[forum/memberlist5989.html]
[forum/memberlist2ee1-2.html]
[forum/indexc49f.html]
[forum/cron3865.gif]
[forum/ucp4948.html]
[forum/ucp9e2c.html]
[forum/ucpee71.html]
[forum/memberlist1a00.html]
[forum/cron4cb8.gif]
[forum/ucpc4a6.html]
[forum/viewforum9fc6.html]
[forum/memberlistb42d.html]
[forum/memberlist3fc6.html]
[forum/cronb19e.gif]
[forum/memberlist6b4f.html]
[forum/memberlist9691.html]
[forum/memberlistdbd6.html]
[forum/memberlist32f3.html]
[forum/ucp93dd.html]
[forum/styles/ravaio/img/styles/ravaio/theme/images/styles/ravaio/theme/images/styles/ravaio/theme/images/styles/ravaio/theme/images/styles/ravaio/theme/images/styles/ravaio/theme/images/styl/aaNBiA4.109d.delaye]
[forum/search0b8e.html]
[forum/faq0b8e.html]
[forum/searche9c6.html]
[forum/searchf301.html]
[forum/index0b8e.html]
[forum/ucpe1c3.html]
[forum/ucp1d98.html]
[forum/ucpa4fa.html]
[forum/memberlist88b1.html]
[forum/cron386b.gif]
[forum/styles/ravaio/img/styles/ravaio/theme/images/styles/ravaio/theme/images/styles/ravaio/theme/images/styles/ravaio/theme/images/styles/ravaio/theme/images/styles/ravaio/theme/images/style/aaNBiA4.ffd.delaye]
[forum/ucp1e5f.html]
[forum/crona32a.gif]
[forum/ucp8c20.html]
[forum/search73bd.html]
[forum/faq73bd.html]
[forum/viewforum6a47.html]
[forum/search9c85.html]
[forum/search25f6.html]
[forum/memberlist197c.html]
[forum/memberlist4ceb.html]
[forum/memberlista4f7.html]
[forum/memberlist7c6f.html]
[forum/memberliste9aa.html]
[forum/memberliste780.html]
[forum/crond3e7.gif]
[forum/index73bd.html]
[forum/ucpc705.html]
[forum/ucpe683.html]
[forum/ucp9c05.html]
[forum/memberlist2894.html]
[forum/cron9d12.gif]
[forum/ucp3a87.html]
[forum/cron2d57.gif]
[forum/viewforum5f28.html]
[forum/memberlistce48.html]
[forum/memberlist3219.html]
[forum/memberlist0a06.html]
[forum/memberlist3a38.html]
[forum/memberlist266e.html]
[forum/memberlist1e4e.html]
[forum/ucped97.html]
[forum/app.php/styles/ravaio/theme/images/styles/ravaio/theme/images/styles/ravaio/theme/images/styles/ravaio/theme/images/styles/ravaio/theme/images/styles/ravaio/theme/images/styles/ravaio//aaNBiA4.10f0.delaye]
[forum/search93ee.html]
[forum/faq93ee.html]
[forum/searchf779.html]
[forum/index93ee.html]
[forum/ucp839e.html]
[forum/ucp55d9.html]
[forum/ucp087d.html]
[forum/memberlist7e80.html]
[forum/app.php/styles/ravaio/theme/images/styles/ravaio/theme/images/styles/ravaio/theme/images/styles/ravaio/theme/images/styles/ravaio/theme/images/styles/ravaio/theme/images/styles/ravaio//aaNBiA4.104b.delaye]
[forum/ucpa20e.html]
[forum/crondcfb.gif]
[forum/ucp24a1.html]
[forum/cronf193.gif]
[forum/search6864.html]
[forum/faq6864.html]
[forum/viewforum73da.html]
[forum/search6c23.html]
[forum/search3c9e.html]
[forum/memberlist80b5.html]
[forum/memberlist2466.html]
[forum/memberlistc66d.html]
[forum/memberlistf464.html]
[forum/memberlist8934.html]
[forum/memberlist9808.html]
[forum/index6864.html]
[forum/ucpffb1.html]
[forum/ucpeb02.html]
[forum/ucpdfd9.html]
[forum/memberlistf90a.html]
[forum/ucp7d70.html]
[forum/viewforum571d.html]
[forum/memberlistf2d2.html]
[forum/memberliste7bc.html]
[forum/memberlist9ee4.html]
[forum/memberlist1a2e.html]
[forum/memberlist5989.html]
[forum/memberlist2ee1-2.html]
[forum/search8144.html]
[forum/styles/ravaio/img/styles/ravaio/theme/images/styles/ravaio/theme/images/styles/ravaio/theme/images/styles/ravaio/theme/images/styles/ravaio/theme/images/styles/ravaio/theme/images/styl/aaNBiA4.113f.delaye]
[forum/faq8144.html]
[forum/index8144.html]
[forum/styles/ravaio/img/styles/ravaio/theme/images/styles/ravaio/theme/images/styles/ravaio/theme/images/styles/ravaio/theme/images/styles/ravaio/theme/images/styles/ravaio/theme/images/styl/aaNBiA4.109d.delaye]
[forum/ucp725b.html]
[forum/ucp93dd.html]
[forum/search0b8e.html]
[forum/faq0b8e.html]
[forum/viewforumdf74.html]
[forum/searche9c6.html]
[forum/searchf301.html]
[forum/memberlist5a74.html]
[forum/memberlist9df7.html]
[forum/memberlistc30f.html]
[forum/memberlistb2a1.html]
[forum/memberlist4195.html]
[forum/memberlist7421.html]
[forum/index0b8e.html]
[forum/ucpe1c3.html]
[forum/ucp1d98.html]
[forum/ucpa4fa.html]
[forum/memberlist88b1.html]
[forum/ucp1e5f.html]
[forum/viewforum6a47.html]
[forum/memberlist197c.html]
[forum/memberlist4ceb.html]
[forum/memberlista4f7.html]
[forum/memberlist7c6f.html]
[forum/memberliste9aa.html]
[forum/memberliste780.html]
[forum/app.php/styles/ravaio/theme/images/styles/ravaio/theme/images/styles/ravaio/theme/images/styles/ravaio/theme/images/styles/ravaio/theme/images/styles/ravaio/theme/images/styles/ravaio//aaNBiA4.10f0.delaye]
[forum/app.php/styles/ravaio/theme/images/styles/ravaio/theme/images/styles/ravaio/theme/images/styles/ravaio/theme/images/styles/ravaio/theme/images/styles/ravaio/theme/images/styles/ravaio//aaNBiA4.1186.delaye]
[forum/searchc412.html]
[forum/ucp5223.html]
[forum/ucped97.html]
[forum/search93ee.html]
[forum/faq93ee.html]
[forum/viewforumc968.html]
[forum/searchf779.html]
[forum/memberlist64aa.html]
[forum/memberlist04c9.html]
[forum/memberlist1363.html]
[forum/memberlista606.html]
[forum/memberlist8adb.html]
[forum/memberlist65a7.html]
[forum/index93ee.html]
[forum/ucp839e.html]
[forum/ucp55d9.html]
[forum/ucp087d.html]
[forum/memberlist7e80.html]
[forum/ucpa20e.html]
[forum/viewforum73da.html]
[forum/memberlist80b5.html]
[forum/memberlist2466.html]
[forum/memberlistc66d.html]
[forum/memberlistf464.html]
[forum/memberlist8934.html]
[forum/memberlist9808.html]
[forum/styles/ravaio/img/styles/ravaio/theme/images/styles/ravaio/theme/images/styles/ravaio/theme/images/styles/ravaio/theme/images/styles/ravaio/theme/images/styles/ravaio/theme/images/styl/aaNBiA4.113f.delaye]
[forum/ucp6388.html]
[forum/styles/ravaio/img/styles/ravaio/theme/images/styles/ravaio/theme/images/styles/ravaio/theme/images/styles/ravaio/theme/images/styles/ravaio/theme/images/styles/ravaio/theme/images/styl/aaNBiA4.11c8.delaye]
[forum/search7fe3.html]
[forum/search33ea.html]
[forum/memberlist8eae.html]
[forum/ucp07d5.html]
[forum/search8144.html]
[forum/ucp32cf.html]
[forum/ucp37e9.html]
[forum/ucp5782.html]
[forum/faq8144.html]
[forum/memberlist26a9.html]
[forum/memberlistd2c2.html]
[forum/memberlist17d6.html]
[forum/memberlistde27.html]
[forum/memberliste775.html]
[forum/memberlist82b4.html]
[forum/index8144.html]
[forum/ucp725b.html]
[forum/viewforumdf74.html]
[forum/memberlist5a74.html]
[forum/memberlist9df7.html]
[forum/memberlistc30f.html]
[forum/memberlistb2a1.html]
[forum/memberlist4195.html]
[forum/memberlist7421.html]
[forum/app.php/styles/ravaio/theme/images/styles/ravaio/theme/images/styles/ravaio/theme/images/styles/ravaio/theme/images/styles/ravaio/theme/images/styles/ravaio/theme/images/styles/ravaio//aaNBiA4.1186.delaye]
[forum/searchc412.html]
[forum/ucp5223.html]
[forum/viewforumc968.html]
[forum/memberlist64aa.html]
[forum/memberlist04c9.html]
[forum/memberlist1363.html]
[forum/memberlista606.html]
[forum/memberlist8adb.html]
[forum/memberlist65a7.html]
[forum/styles/ravaio/img/styles/ravaio/theme/images/styles/ravaio/theme/images/styles/ravaio/theme/images/styles/ravaio/theme/images/styles/ravaio/theme/images/styles/ravaio/theme/images/styl/aaNBiA4.11c8.delaye]
[forum/ucp6388.html]
[forum/app.php/styles/ravaio/theme/images/styles/ravaio/theme/images/styles/ravaio/theme/images/styles/ravaio/theme/images/styles/ravaio/theme/images/styles/ravaio/theme/images/styles/ravaio//aaNBiA4.11fd.delaye]
[forum/styles/ravaio/img/styles/ravaio/theme/images/styles/ravaio/theme/images/styles/ravaio/theme/images/styles/ravaio/theme/images/styles/ravaio/theme/images/styles/ravaio/theme/images/styl/aaNBiA4.121e.delaye]
[forum/viewforum305f.html]
[forum/search7fe3.html]
[forum/search33ea.html]
[forum/memberlist8eae.html]
[forum/ucp07d5.html]
[forum/ucp32cf.html]
[forum/ucp37e9.html]
[forum/ucp5782.html]
[forum/memberlist26a9.html]
[forum/memberlistd2c2.html]
[forum/memberlist17d6.html]
[forum/memberlistde27.html]
[forum/memberliste775.html]
[forum/memberlist82b4.html]
[forum/app.php/styles/ravaio/theme/images/styles/ravaio/theme/images/styles/ravaio/theme/images/styles/ravaio/theme/images/styles/ravaio/theme/images/styles/ravaio/theme/images/styles/ravaio//aaNBiA4.11fd.delaye]
[forum/styles/ravaio/img/styles/ravaio/theme/images/styles/ravaio/theme/images/styles/ravaio/theme/images/styles/ravaio/theme/images/styles/ravaio/theme/images/styles/ravaio/theme/images/styl/aaNBiA4.121e.delaye]
[forum/viewforum305f.html]
[forum/styles/ravaio/img/styles/ravaio/theme/images/styles/ravaio/theme/images/styles/ravaio/theme/images/styles/ravaio/theme/images/styles/ravaio/theme/images/styles/ravaio/theme/images/styl/aaNBiA4.1251.delaye]
[forum/app.php/styles/ravaio/theme/images/styles/ravaio/theme/images/styles/ravaio/theme/images/styles/ravaio/theme/images/styles/ravaio/theme/images/styles/ravaio/theme/images/styles/ravaio//aaNBiA4.124d.delaye]
[forum/app.php/styles/ravaio/theme/images/styles/ravaio/theme/images/styles/ravaio/theme/images/styles/ravaio/theme/images/styles/ravaio/theme/images/styles/ravaio/theme/images/styles/ravaio//aaNBiA4.124d.delaye]
[forum/app.php/styles/ravaio/theme/images/styles/ravaio/theme/images/styles/ravaio/theme/images/styles/ravaio/theme/images/styles/ravaio/theme/images/styles/ravaio/theme/images/styles/ravaio//aaNBiA4.125a.delaye]
[forum/styles/ravaio/img/styles/ravaio/theme/images/styles/ravaio/theme/images/styles/ravaio/theme/images/styles/ravaio/theme/images/styles/ravaio/theme/images/styles/ravaio/theme/images/styl/aaNBiA4.1251.delaye]
[forum/app.php/styles/ravaio/theme/images/styles/ravaio/theme/images/styles/ravaio/theme/images/styles/ravaio/theme/images/styles/ravaio/theme/images/styles/ravaio/theme/images/styles/ravaio//aaNBiA4.125a.delaye]
[forum/styles/ravaio/img/styles/ravaio/theme/images/styles/ravaio/theme/images/styles/ravaio/theme/images/styles/ravaio/theme/images/styles/ravaio/theme/images/styles/ravaio/theme/images/styl/aaNBiA4.125e.delaye]
[forum/styles/ravaio/img/styles/ravaio/theme/images/styles/ravaio/theme/images/styles/ravaio/theme/images/styles/ravaio/theme/images/styles/ravaio/theme/images/styles/ravaio/theme/images/styl/aaNBiA4.125e.delaye]
[forum/app.php/styles/ravaio/theme/images/styles/ravaio/theme/images/styles/ravaio/theme/images/styles/ravaio/theme/images/styles/ravaio/theme/images/styles/ravaio/theme/images/styles/ravaio//aaNBiA4.1262.delaye]
[forum/app.php/styles/ravaio/theme/images/styles/ravaio/theme/images/styles/ravaio/theme/images/styles/ravaio/theme/images/styles/ravaio/theme/images/styles/ravaio/theme/images/styles/ravaio//aaNBiA4.1262.delaye]
[forum/styles/ravaio/img/styles/ravaio/theme/images/styles/ravaio/theme/images/styles/ravaio/theme/images/styles/ravaio/theme/images/styles/ravaio/theme/images/styles/ravaio/theme/images/styl/aaNBiA4.1266.delaye]
[forum/styles/ravaio/img/styles/ravaio/theme/images/styles/ravaio/theme/images/styles/ravaio/theme/images/styles/ravaio/theme/images/styles/ravaio/theme/images/styles/ravaio/theme/images/styl/aaNBiA4.1266.delaye]
